Archive member included to satisfy reference by file (symbol)

/usr/lib/gcc/arm-none-eabi/13.2.1/thumb/v6-m/nofp/libgcc.a(_dvmd_tls.o)
                              CMakeFiles/pico_w_webserver.dir/home/ahmed/pico-sdk/src/rp2_common/pico_divider/divider_hardware.S.o (__aeabi_idiv0)
/usr/lib/gcc/arm-none-eabi/13.2.1/../../../arm-none-eabi/lib/thumb/v6-m/nofp/libg.a(libc_a-strchr.o)
                              CMakeFiles/pico_w_webserver.dir/home/ahmed/pico-sdk/lib/lwip/src/apps/http/httpd.c.o (strchr)
/usr/lib/gcc/arm-none-eabi/13.2.1/../../../arm-none-eabi/lib/thumb/v6-m/nofp/libg.a(libc_a-strcmp.o)
                              CMakeFiles/pico_w_webserver.dir/main.c.o (strcmp)
/usr/lib/gcc/arm-none-eabi/13.2.1/../../../arm-none-eabi/lib/thumb/v6-m/nofp/libg.a(libc_a-strncmp.o)
                              CMakeFiles/pico_w_webserver.dir/home/ahmed/pico-sdk/lib/lwip/src/core/def.c.o (strncmp)
/usr/lib/gcc/arm-none-eabi/13.2.1/../../../arm-none-eabi/lib/thumb/v6-m/nofp/libg.a(libc_a-memmove.o)
                              CMakeFiles/pico_w_webserver.dir/home/ahmed/pico-sdk/lib/lwip/src/core/def.c.o (memmove)
/usr/lib/gcc/arm-none-eabi/13.2.1/../../../arm-none-eabi/lib/thumb/v6-m/nofp/libg.a(libc_a-calloc.o)
                              CMakeFiles/pico_w_webserver.dir/home/ahmed/pico-sdk/src/rp2_common/pico_malloc/malloc.c.o (calloc)
/usr/lib/gcc/arm-none-eabi/13.2.1/../../../arm-none-eabi/lib/thumb/v6-m/nofp/libg.a(libc_a-impure.o)
                              /usr/lib/gcc/arm-none-eabi/13.2.1/../../../arm-none-eabi/lib/thumb/v6-m/nofp/libg.a(libc_a-calloc.o) (_impure_ptr)
/usr/lib/gcc/arm-none-eabi/13.2.1/../../../arm-none-eabi/lib/thumb/v6-m/nofp/libg.a(libc_a-callocr.o)
                              /usr/lib/gcc/arm-none-eabi/13.2.1/../../../arm-none-eabi/lib/thumb/v6-m/nofp/libg.a(libc_a-calloc.o) (_calloc_r)
/usr/lib/gcc/arm-none-eabi/13.2.1/../../../arm-none-eabi/lib/thumb/v6-m/nofp/libg.a(libc_a-realloc.o)
                              CMakeFiles/pico_w_webserver.dir/home/ahmed/pico-sdk/src/rp2_common/pico_malloc/malloc.c.o (realloc)
/usr/lib/gcc/arm-none-eabi/13.2.1/../../../arm-none-eabi/lib/thumb/v6-m/nofp/libg.a(libc_a-mallocr.o)
                              /usr/lib/gcc/arm-none-eabi/13.2.1/../../../arm-none-eabi/lib/thumb/v6-m/nofp/libg.a(libc_a-callocr.o) (_malloc_r)
/usr/lib/gcc/arm-none-eabi/13.2.1/../../../arm-none-eabi/lib/thumb/v6-m/nofp/libg.a(libc_a-freer.o)
                              /usr/lib/gcc/arm-none-eabi/13.2.1/../../../arm-none-eabi/lib/thumb/v6-m/nofp/libg.a(libc_a-mallocr.o) (_free_r)
/usr/lib/gcc/arm-none-eabi/13.2.1/../../../arm-none-eabi/lib/thumb/v6-m/nofp/libg.a(libc_a-memcmp.o)
                              CMakeFiles/pico_w_webserver.dir/home/ahmed/pico-sdk/lib/lwip/src/netif/ethernet.c.o (memcmp)
/usr/lib/gcc/arm-none-eabi/13.2.1/../../../arm-none-eabi/lib/thumb/v6-m/nofp/libg.a(libc_a-atoi.o)
                              CMakeFiles/pico_w_webserver.dir/home/ahmed/pico-sdk/lib/lwip/src/core/netif.c.o (atoi)
/usr/lib/gcc/arm-none-eabi/13.2.1/../../../arm-none-eabi/lib/thumb/v6-m/nofp/libg.a(libc_a-strtol.o)
                              /usr/lib/gcc/arm-none-eabi/13.2.1/../../../arm-none-eabi/lib/thumb/v6-m/nofp/libg.a(libc_a-atoi.o) (_strtol_r)
/usr/lib/gcc/arm-none-eabi/13.2.1/../../../arm-none-eabi/lib/thumb/v6-m/nofp/libg.a(libc_a-malloc.o)
                              CMakeFiles/pico_w_webserver.dir/home/ahmed/pico-sdk/src/rp2_common/pico_malloc/malloc.c.o (malloc)
/usr/lib/gcc/arm-none-eabi/13.2.1/../../../arm-none-eabi/lib/thumb/v6-m/nofp/libg.a(libc_a-sysconf.o)
                              /usr/lib/gcc/arm-none-eabi/13.2.1/../../../arm-none-eabi/lib/thumb/v6-m/nofp/libg.a(libc_a-mallocr.o) (sysconf)
/usr/lib/gcc/arm-none-eabi/13.2.1/../../../arm-none-eabi/lib/thumb/v6-m/nofp/libg.a(libc_a-init.o)
                              /usr/lib/gcc/arm-none-eabi/13.2.1/../../../arm-none-eabi/lib/thumb/v6-m/nofp/crt0.o (__libc_init_array)
/usr/lib/gcc/arm-none-eabi/13.2.1/../../../arm-none-eabi/lib/thumb/v6-m/nofp/libg.a(libc_a-reallocr.o)
                              /usr/lib/gcc/arm-none-eabi/13.2.1/../../../arm-none-eabi/lib/thumb/v6-m/nofp/libg.a(libc_a-realloc.o) (_realloc_r)
/usr/lib/gcc/arm-none-eabi/13.2.1/../../../arm-none-eabi/lib/thumb/v6-m/nofp/libg.a(libc_a-mktime.o)
                              CMakeFiles/pico_w_webserver.dir/home/ahmed/pico-sdk/src/common/pico_util/datetime.c.o (mktime)
/usr/lib/gcc/arm-none-eabi/13.2.1/../../../arm-none-eabi/lib/thumb/v6-m/nofp/libg.a(libc_a-mlock.o)
                              /usr/lib/gcc/arm-none-eabi/13.2.1/../../../arm-none-eabi/lib/thumb/v6-m/nofp/libg.a(libc_a-mallocr.o) (__malloc_lock)
/usr/lib/gcc/arm-none-eabi/13.2.1/../../../arm-none-eabi/lib/thumb/v6-m/nofp/libg.a(libc_a-findfp.o)
                              /usr/lib/gcc/arm-none-eabi/13.2.1/../../../arm-none-eabi/lib/thumb/v6-m/nofp/libg.a(libc_a-impure.o) (__sf)
[...]
Memory Configuration

Name             Origin             Length             Attributes
FLASH            0x10000000         0x00200000         xr
RAM              0x20000000         0x00040000         xrw
SCRATCH_X        0x20040000         0x00001000         xrw
SCRATCH_Y        0x20041000         0x00001000         xrw
*default*        0x00000000         0xffffffff

Linker script and memory map

LOAD /usr/lib/gcc/arm-none-eabi/13.2.1/thumb/v6-m/nofp/crti.o
LOAD /usr/lib/gcc/arm-none-eabi/13.2.1/thumb/v6-m/nofp/crtbegin.o
LOAD /usr/lib/gcc/arm-none-eabi/13.2.1/../../../arm-none-eabi/lib/thumb/v6-m/nofp/crt0.o

.flash_begin    0x10000000        0x0
                0x10000000                        __flash_binary_start = .

.boot2          0x10000000      0x100
                0x10000000                        __boot2_start__ = .
 *(.boot2)
 .boot2         0x10000000      0x100 pico-sdk/src/rp2040/boot_stage2/CMakeFiles/bs2_default_library.dir/bs2_default_padded_checksummed.S.o
                0x10000100                        __boot2_end__ = .
                0x00000001                        ASSERT (((__boot2_end__ - __boot2_start__) == 0x100), ERROR: Pico second stage bootloader must be 256 bytes in size)

.text           0x10000100    0x1b444
                0x10000100                        __logical_binary_start = .
 *(.vectors)
 .vectors       0x10000100       0xd4 CMakeFiles/pico_w_webserver.dir/home/ahmed/pico-sdk/src/rp2_common/pico_crt0/crt0.S.o
                0x10000100                __vectors
                0x10000100                __VECTOR_TABLE
                0x100001c0                isr_invalid
                0x100001c0                __default_isrs_start
                0x100001c2                isr_nmi
                0x100001c4                isr_hardfault
                0x100001c6                isr_svcall
                0x100001c8                isr_pendsv
                0x100001ca                isr_systick
                0x100001cc                isr_irq30
                0x100001cc                __unhandled_user_irq
                0x100001cc                isr_irq13
                0x100001cc                isr_irq27
                0x100001cc                isr_irq31
                0x100001cc                isr_irq5
                0x100001cc                isr_irq11
                0x100001cc                isr_irq23
                0x100001cc                isr_irq18
                0x100001cc                isr_irq28
                0x100001cc                isr_irq19
                0x100001cc                isr_irq0
                0x100001cc                isr_irq6
                0x100001cc                isr_irq22
                0x100001cc                isr_irq17
                0x100001cc                isr_irq14
                0x100001cc                isr_irq2
                0x100001cc                isr_irq10
                0x100001cc                isr_irq8
                0x100001cc                isr_irq24
                0x100001cc                isr_irq1
                0x100001cc                isr_irq7
                0x100001cc                isr_irq21
                0x100001cc                isr_irq20
                0x100001cc                isr_irq15
                0x100001cc                isr_irq25
                0x100001cc                isr_irq4
                0x100001cc                isr_irq16
                0x100001cc                isr_irq29
                0x100001cc                isr_irq26
                0x100001cc                __default_isrs_end
                0x100001cc                isr_irq3
                0x100001cc                isr_irq12
                0x100001cc                isr_irq9
                0x100001d2                unhandled_user_irq_num_in_r0
 *(.binary_info_header)
 .binary_info_header
                0x100001d4       0x14 CMakeFiles/pico_w_webserver.dir/home/ahmed/pico-sdk/src/rp2_common/pico_crt0/crt0.S.o
                0x100001e8                        __binary_info_header_end = .
 *(.embedded_block)
                0x100001e8                        __embedded_block_end = .
 *(.reset)
 .reset         0x100001e8       0x9c CMakeFiles/pico_w_webserver.dir/home/ahmed/pico-sdk/src/rp2_common/pico_crt0/crt0.S.o
                0x100001e8                _entry_point
 *(.init)
 .init          0x10000284        0x4 /usr/lib/gcc/arm-none-eabi/13.2.1/thumb/v6-m/nofp/crti.o
                0x10000284                _init
 *(EXCLUDE_FILE(*libm.a: *libc.a:*lib_a-mem*.o *libgcc.a:) .text*)
 .text          0x10000288       0x98 /usr/lib/gcc/arm-none-eabi/13.2.1/thumb/v6-m/nofp/crtbegin.o
 .text.dispense_task
                0x10000320       0x54 CMakeFiles/pico_w_webserver.dir/main.c.o
                0x10000320                dispense_task
 .text.ssi_handler
                0x10000374      0x188 CMakeFiles/pico_w_webserver.dir/main.c.o
                0x10000374                ssi_handler
 .text.cgi_led_handler
                0x100004fc       0x50 CMakeFiles/pico_w_webserver.dir/main.c.o
                0x100004fc                cgi_led_handler
 .text.cgi_motor_handler
                0x1000054c       0x38 CMakeFiles/pico_w_webserver.dir/main.c.o
                0x1000054c                cgi_motor_handler
 .text.control_task
                0x10000584       0xf4 CMakeFiles/pico_w_webserver.dir/main.c.o
                0x10000584                control_task
 .text.init     0x10000678       0x2c CMakeFiles/pico_w_webserver.dir/main.c.o
                0x10000678                init
 .text.wifi_init
                0x100006a4       0xf8 CMakeFiles/pico_w_webserver.dir/main.c.o
                0x100006a4                wifi_init
 .text.startup.main
                0x1000079c       0x74 CMakeFiles/pico_w_webserver.dir/main.c.o
                0x1000079c                main
 .text.ir_sensor_init
                0x10000810       0x44 CMakeFiles/pico_w_webserver.dir/drivers/ir_sensor.c.o
                0x10000810                ir_sensor_init
 .text.ir_object_detected
                0x10000854       0x60 CMakeFiles/pico_w_webserver.dir/drivers/ir_sensor.c.o
                0x10000854                ir_object_detected
 .text.buzzer_init
                0x100008b4       0x14 CMakeFiles/pico_w_webserver.dir/drivers/buzzer.c.o
                0x100008b4                buzzer_init
 .text.buzzer_turn_on
                0x100008c8        0xc CMakeFiles/pico_w_webserver.dir/drivers/buzzer.c.o
                0x100008c8                buzzer_turn_on
 .text.buzzer_turn_off
                0x100008d4        0xc CMakeFiles/pico_w_webserver.dir/drivers/buzzer.c.o
                0x100008d4                buzzer_turn_off
 .text.servo_write
                0x100008e0       0x84 CMakeFiles/pico_w_webserver.dir/drivers/servo.c.o
                0x100008e0                servo_write
 .text.servo_attach
                0x10000964       0xfc CMakeFiles/pico_w_webserver.dir/drivers/servo.c.o
                0x10000964                servo_attach
 .text.ultrasonic_init
                0x10000a60       0x2c CMakeFiles/pico_w_webserver.dir/drivers/ultrasonic.c.o
                0x10000a60                ultrasonic_init
 .text.ultrasonic_get_distance
                0x10000a8c       0x74 CMakeFiles/pico_w_webserver.dir/drivers/ultrasonic.c.o
                0x10000a8c                ultrasonic_get_distance
 .text.lwip_timeout_reached
                0x10000b00        0x8 CMakeFiles/pico_w_webserver.dir/home/ahmed/pico-sdk/src/rp2_common/pico_lwip/lwip_nosys.c.o
 .text.update_next_timeout
                0x10000b08       0x60 CMakeFiles/pico_w_webserver.dir/home/ahmed/pico-sdk/src/rp2_common/pico_lwip/lwip_nosys.c.o
 .text.lwip_nosys_init
                0x10000b68       0x30 CMakeFiles/pico_w_webserver.dir/home/ahmed/pico-sdk/src/rp2_common/pico_lwip/lwip_nosys.c.o
                0x10000b68                lwip_nosys_init
 .text.lwip_nosys_deinit
                0x10000b98       0x20 CMakeFiles/pico_w_webserver.dir/home/ahmed/pico-sdk/src/rp2_common/pico_lwip/lwip_nosys.c.o
                0x10000b98                lwip_nosys_deinit
 .text.sys_arch_protect
                0x10000bb8        0x4 CMakeFiles/pico_w_webserver.dir/home/ahmed/pico-sdk/src/rp2_common/pico_lwip/lwip_nosys.c.o
                0x10000bb8                sys_arch_protect
 .text.sys_arch_unprotect
                0x10000bbc        0x4 CMakeFiles/pico_w_webserver.dir/home/ahmed/pico-sdk/src/rp2_common/pico_lwip/lwip_nosys.c.o
                0x10000bbc                sys_arch_unprotect
 .text.sys_now  0x10000bc0       0x20 CMakeFiles/pico_w_webserver.dir/home/ahmed/pico-sdk/src/rp2_common/pico_lwip/lwip_nosys.c.o
                0x10000bc0                sys_now
 .text.async_context_base_add_at_time_worker
                0x10000be0       0x24 CMakeFiles/pico_w_webserver.dir/home/ahmed/pico-sdk/src/rp2_common/pico_async_context/async_context_base.c.o
                0x10000be0                async_context_base_add_at_time_worker
 .text.async_context_base_remove_at_time_worker
                0x10000c04       0x28 CMakeFiles/pico_w_webserver.dir/home/ahmed/pico-sdk/src/rp2_common/pico_async_context/async_context_base.c.o
                0x10000c04                async_context_base_remove_at_time_worker
 .text.async_context_base_add_when_pending_worker
                0x10000c2c       0x24 CMakeFiles/pico_w_webserver.dir/home/ahmed/pico-sdk/src/rp2_common/pico_async_context/async_context_base.c.o
                0x10000c2c                async_context_base_add_when_pending_worker
 .text.async_context_base_remove_when_pending_worker
                0x10000c50       0x28 CMakeFiles/pico_w_webserver.dir/home/ahmed/pico-sdk/src/rp2_common/pico_async_context/async_context_base.c.o
                0x10000c50                async_context_base_remove_when_pending_worker
 .text.async_context_base_execute_once
                0x10000c78      0x108 CMakeFiles/pico_w_webserver.dir/home/ahmed/pico-sdk/src/rp2_common/pico_async_context/async_context_base.c.o
                0x10000c78                async_context_base_execute_once
 .text.async_context_base_needs_servicing
                0x10000d80       0x54 CMakeFiles/pico_w_webserver.dir/home/ahmed/pico-sdk/src/rp2_common/pico_async_context/async_context_base.c.o
                0x10000d80                async_context_base_needs_servicing
 .text.rp2040_chip_version
                0x10000dd4        0xc CMakeFiles/pico_w_webserver.dir/home/ahmed/pico-sdk/src/rp2040/pico_platform/platform.c.o
                0x10000dd4                rp2040_chip_version
 .text.panic    0x10000de0       0x30 CMakeFiles/pico_w_webserver.dir/home/ahmed/pico-sdk/src/rp2_common/pico_platform_panic/panic.c.o
                0x10000de0                panic
 .text.panic_unsupported
                0x10000e10        0xc CMakeFiles/pico_w_webserver.dir/home/ahmed/pico-sdk/src/rp2_common/pico_platform_panic/panic.c.o
                0x10000e10                panic_unsupported
 .text.splitmix64
                0x10000e1c       0x58 CMakeFiles/pico_w_webserver.dir/home/ahmed/pico-sdk/src/rp2_common/pico_rand/rand.c.o
 .text.xoroshiro128ss
                0x10000e74       0x90 CMakeFiles/pico_w_webserver.dir/home/ahmed/pico-sdk/src/rp2_common/pico_rand/rand.c.o
 .text.get_rand_64
                0x10000f04      0x4a4 CMakeFiles/pico_w_webserver.dir/home/ahmed/pico-sdk/src/rp2_common/pico_rand/rand.c.o
                0x10000f04                get_rand_64
 .text.get_rand_32
                0x100013a8        0x8 CMakeFiles/pico_w_webserver.dir/home/ahmed/pico-sdk/src/rp2_common/pico_rand/rand.c.o
                0x100013a8                get_rand_32
 .text.startup._retrieve_unique_id_on_boot
                0x100013b0       0x10 CMakeFiles/pico_w_webserver.dir/home/ahmed/pico-sdk/src/rp2_common/pico_unique_id/unique_id.c.o
 .text.pico_get_unique_board_id
                0x100013c0       0x10 CMakeFiles/pico_w_webserver.dir/home/ahmed/pico-sdk/src/rp2_common/pico_unique_id/unique_id.c.o
                0x100013c0                pico_get_unique_board_id
 .text.pico_get_unique_board_id_string
                0x100013d0      0x1a8 CMakeFiles/pico_w_webserver.dir/home/ahmed/pico-sdk/src/rp2_common/pico_unique_id/unique_id.c.o
                0x100013d0                pico_get_unique_board_id_string
 .text.flash_get_unique_id
                0x10001578       0x3c CMakeFiles/pico_w_webserver.dir/home/ahmed/pico-sdk/src/rp2_common/hardware_flash/flash.c.o
                0x10001578                flash_get_unique_id
 .text.hw_claim_lock
                0x100015b4       0x18 CMakeFiles/pico_w_webserver.dir/home/ahmed/pico-sdk/src/common/hardware_claim/claim.c.o
                0x100015b4                hw_claim_lock
 .text.hw_claim_unlock
                0x100015cc       0x14 CMakeFiles/pico_w_webserver.dir/home/ahmed/pico-sdk/src/common/hardware_claim/claim.c.o
                0x100015cc                hw_claim_unlock
 .text.hw_claim_or_assert
                0x100015e0       0x44 CMakeFiles/pico_w_webserver.dir/home/ahmed/pico-sdk/src/common/hardware_claim/claim.c.o
                0x100015e0                hw_claim_or_assert
 .text.hw_claim_unused_from_range
                0x10001624       0x9c CMakeFiles/pico_w_webserver.dir/home/ahmed/pico-sdk/src/common/hardware_claim/claim.c.o
                0x10001624                hw_claim_unused_from_range
 .text.hw_claim_clear
                0x100016c0       0x38 CMakeFiles/pico_w_webserver.dir/home/ahmed/pico-sdk/src/common/hardware_claim/claim.c.o
                0x100016c0                hw_claim_clear
 .text.next_striped_spin_lock_num
                0x100016f8       0x18 CMakeFiles/pico_w_webserver.dir/home/ahmed/pico-sdk/src/rp2_common/hardware_sync/sync.c.o
                0x100016f8                next_striped_spin_lock_num
 .text.spin_lock_claim_unused
                0x10001710       0x24 CMakeFiles/pico_w_webserver.dir/home/ahmed/pico-sdk/src/rp2_common/hardware_sync/sync.c.o
                0x10001710                spin_lock_claim_unused
 .text.spin_locks_reset
                0x10001734       0x1c CMakeFiles/pico_w_webserver.dir/home/ahmed/pico-sdk/src/rp2_common/hardware_sync_spin_lock/sync_spin_lock.c.o
                0x10001734                spin_locks_reset
 .text.rom_func_lookup
                0x10001750       0x10 CMakeFiles/pico_w_webserver.dir/home/ahmed/pico-sdk/src/rp2_common/pico_bootrom/bootrom.c.o
                0x10001750                rom_func_lookup
 .text.rom_data_lookup
                0x10001760       0x10 CMakeFiles/pico_w_webserver.dir/home/ahmed/pico-sdk/src/rp2_common/pico_bootrom/bootrom.c.o
                0x10001760                rom_data_lookup
 .text.rom_funcs_lookup
                0x10001770       0x44 CMakeFiles/pico_w_webserver.dir/home/ahmed/pico-sdk/src/rp2_common/pico_bootrom/bootrom.c.o
                0x10001770                rom_funcs_lookup
 .text.rom_reset_usb_boot_extra
                0x100017b4       0x28 CMakeFiles/pico_w_webserver.dir/home/ahmed/pico-sdk/src/rp2_common/pico_bootrom/bootrom.c.o
                0x100017b4                rom_reset_usb_boot_extra
 .text.alarm_pool_irq_handler
                0x100017dc      0x2fc CMakeFiles/pico_w_webserver.dir/home/ahmed/pico-sdk/src/common/pico_time/time.c.o
 .text.sleep_until_callback
                0x10001ad8       0x24 CMakeFiles/pico_w_webserver.dir/home/ahmed/pico-sdk/src/common/pico_time/time.c.o
 .text.runtime_init_default_alarm_pool
                0x10001afc       0xdc CMakeFiles/pico_w_webserver.dir/home/ahmed/pico-sdk/src/common/pico_time/time.c.o
                0x10001afc                runtime_init_default_alarm_pool
 .text.alarm_pool_get_default
                0x10001bd8        0x8 CMakeFiles/pico_w_webserver.dir/home/ahmed/pico-sdk/src/common/pico_time/time.c.o
                0x10001bd8                alarm_pool_get_default
 .text.alarm_pool_create_on_timer_with_unused_hardware_alarm
                0x10001be0       0xa8 CMakeFiles/pico_w_webserver.dir/home/ahmed/pico-sdk/src/common/pico_time/time.c.o
                0x10001be0                alarm_pool_create_on_timer_with_unused_hardware_alarm
 .text.alarm_pool_destroy
                0x10001c88       0x58 CMakeFiles/pico_w_webserver.dir/home/ahmed/pico-sdk/src/common/pico_time/time.c.o
                0x10001c88                alarm_pool_destroy
 .text.alarm_pool_add_alarm_at
                0x10001ce0       0xd4 CMakeFiles/pico_w_webserver.dir/home/ahmed/pico-sdk/src/common/pico_time/time.c.o
                0x10001ce0                alarm_pool_add_alarm_at
 .text.alarm_pool_add_alarm_at_force_in_context
                0x10001db4       0xb0 CMakeFiles/pico_w_webserver.dir/home/ahmed/pico-sdk/src/common/pico_time/time.c.o
                0x10001db4                alarm_pool_add_alarm_at_force_in_context
 .text.alarm_pool_cancel_alarm
                0x10001e64       0x74 CMakeFiles/pico_w_webserver.dir/home/ahmed/pico-sdk/src/common/pico_time/time.c.o
                0x10001e64                alarm_pool_cancel_alarm
 .text.alarm_pool_core_num
                0x10001ed8        0x4 CMakeFiles/pico_w_webserver.dir/home/ahmed/pico-sdk/src/common/pico_time/time.c.o
                0x10001ed8                alarm_pool_core_num
 .text.sleep_until
                0x10001edc       0xcc CMakeFiles/pico_w_webserver.dir/home/ahmed/pico-sdk/src/common/pico_time/time.c.o
                0x10001edc                sleep_until
 .text.sleep_us
                0x10001fa8       0x28 CMakeFiles/pico_w_webserver.dir/home/ahmed/pico-sdk/src/common/pico_time/time.c.o
                0x10001fa8                sleep_us
 .text.sleep_ms
                0x10001fd0       0x38 CMakeFiles/pico_w_webserver.dir/home/ahmed/pico-sdk/src/common/pico_time/time.c.o
                0x10001fd0                sleep_ms
 .text.best_effort_wfe_or_timeout
                0x10002008       0xe0 CMakeFiles/pico_w_webserver.dir/home/ahmed/pico-sdk/src/common/pico_time/time.c.o
                0x10002008                best_effort_wfe_or_timeout
 .text.alarm_pool_get_default_timer
                0x100020e8        0x8 CMakeFiles/pico_w_webserver.dir/home/ahmed/pico-sdk/src/common/pico_time/time.c.o
                0x100020e8                alarm_pool_get_default_timer
 .text.timer_hardware_alarm_claim
                0x100020f0       0x14 CMakeFiles/pico_w_webserver.dir/home/ahmed/pico-sdk/src/rp2_common/hardware_timer/timer.c.o
                0x100020f0                timer_hardware_alarm_claim
 .text.hardware_alarm_unclaim
                0x10002104       0x14 CMakeFiles/pico_w_webserver.dir/home/ahmed/pico-sdk/src/rp2_common/hardware_timer/timer.c.o
                0x10002104                hardware_alarm_unclaim
 .text.timer_hardware_alarm_claim_unused
                0x10002118       0x20 CMakeFiles/pico_w_webserver.dir/home/ahmed/pico-sdk/src/rp2_common/hardware_timer/timer.c.o
                0x10002118                timer_hardware_alarm_claim_unused
 .text.timer_time_us_64
                0x10002138       0x10 CMakeFiles/pico_w_webserver.dir/home/ahmed/pico-sdk/src/rp2_common/hardware_timer/timer.c.o
                0x10002138                timer_time_us_64
 .text.time_us_64
                0x10002148       0x14 CMakeFiles/pico_w_webserver.dir/home/ahmed/pico-sdk/src/rp2_common/hardware_timer/timer.c.o
                0x10002148                time_us_64
 .text.busy_wait_until
                0x1000215c       0x20 CMakeFiles/pico_w_webserver.dir/home/ahmed/pico-sdk/src/rp2_common/hardware_timer/timer.c.o
                0x1000215c                busy_wait_until
 .text.runtime_init_per_core_irq_priorities
                0x1000217c       0x24 CMakeFiles/pico_w_webserver.dir/home/ahmed/pico-sdk/src/rp2_common/hardware_irq/irq.c.o
                0x1000217c                runtime_init_per_core_irq_priorities
 .text.irq_set_enabled
                0x100021a0       0x24 CMakeFiles/pico_w_webserver.dir/home/ahmed/pico-sdk/src/rp2_common/hardware_irq/irq.c.o
                0x100021a0                irq_set_enabled
 .text.irq_is_enabled
                0x100021c4       0x18 CMakeFiles/pico_w_webserver.dir/home/ahmed/pico-sdk/src/rp2_common/hardware_irq/irq.c.o
                0x100021c4                irq_is_enabled
 .text.irq_set_pending
                0x100021dc       0x10 CMakeFiles/pico_w_webserver.dir/home/ahmed/pico-sdk/src/rp2_common/hardware_irq/irq.c.o
                0x100021dc                irq_set_pending
 .text.irq_has_shared_handler
                0x100021ec       0x2c CMakeFiles/pico_w_webserver.dir/home/ahmed/pico-sdk/src/rp2_common/hardware_irq/irq.c.o
                0x100021ec                irq_has_shared_handler
 .text.irq_set_exclusive_handler
                0x10002218       0x54 CMakeFiles/pico_w_webserver.dir/home/ahmed/pico-sdk/src/rp2_common/hardware_irq/irq.c.o
                0x10002218                irq_set_exclusive_handler
 .text.irq_add_shared_handler
                0x1000226c      0x1f4 CMakeFiles/pico_w_webserver.dir/home/ahmed/pico-sdk/src/rp2_common/hardware_irq/irq.c.o
                0x1000226c                irq_add_shared_handler
 .text.irq_remove_handler
                0x10002460      0x1d4 CMakeFiles/pico_w_webserver.dir/home/ahmed/pico-sdk/src/rp2_common/hardware_irq/irq.c.o
                0x10002460                irq_remove_handler
 .text.irq_set_priority
                0x10002634       0x28 CMakeFiles/pico_w_webserver.dir/home/ahmed/pico-sdk/src/rp2_common/hardware_irq/irq.c.o
                0x10002634                irq_set_priority
 .text.irq_add_tail_to_free_list
                0x1000265c       0xb4 CMakeFiles/pico_w_webserver.dir/home/ahmed/pico-sdk/src/rp2_common/hardware_irq/irq.c.o
                0x1000265c                irq_add_tail_to_free_list
 .text.user_irq_unclaim
                0x10002710       0x14 CMakeFiles/pico_w_webserver.dir/home/ahmed/pico-sdk/src/rp2_common/hardware_irq/irq.c.o
                0x10002710                user_irq_unclaim
 .text.user_irq_claim_unused
                0x10002724       0x2c CMakeFiles/pico_w_webserver.dir/home/ahmed/pico-sdk/src/rp2_common/hardware_irq/irq.c.o
                0x10002724                user_irq_claim_unused
 .text.sem_init
                0x10002750       0x20 CMakeFiles/pico_w_webserver.dir/home/ahmed/pico-sdk/src/common/pico_sync/sem.c.o
                0x10002750                sem_init
 .text.lock_init
                0x10002770       0x10 CMakeFiles/pico_w_webserver.dir/home/ahmed/pico-sdk/src/common/pico_sync/lock_core.c.o
                0x10002770                lock_init
 .text.runtime_init_mutex
                0x10002780       0x54 CMakeFiles/pico_w_webserver.dir/home/ahmed/pico-sdk/src/common/pico_sync/mutex.c.o
                0x10002780                runtime_init_mutex
 .text.mutex_init
                0x100027d4       0x1c CMakeFiles/pico_w_webserver.dir/home/ahmed/pico-sdk/src/common/pico_sync/mutex.c.o
                0x100027d4                mutex_init
 .text.recursive_mutex_init
                0x100027f0       0x20 CMakeFiles/pico_w_webserver.dir/home/ahmed/pico-sdk/src/common/pico_sync/mutex.c.o
                0x100027f0                recursive_mutex_init
 .text.critical_section_init
                0x10002810       0x1c CMakeFiles/pico_w_webserver.dir/home/ahmed/pico-sdk/src/common/pico_sync/critical_section.c.o
                0x10002810                critical_section_init
 .text.critical_section_init_with_lock_num
                0x1000282c       0x14 CMakeFiles/pico_w_webserver.dir/home/ahmed/pico-sdk/src/common/pico_sync/critical_section.c.o
                0x1000282c                critical_section_init_with_lock_num
 .text.clock_configure_int_divider
                0x10002840       0xf4 CMakeFiles/pico_w_webserver.dir/home/ahmed/pico-sdk/src/rp2_common/hardware_clocks/clocks.c.o
                0x10002840                clock_configure_int_divider
 .text.clock_configure_undivided
                0x10002934       0xe8 CMakeFiles/pico_w_webserver.dir/home/ahmed/pico-sdk/src/rp2_common/hardware_clocks/clocks.c.o
                0x10002934                clock_configure_undivided
 .text.clock_get_hz
                0x10002a1c        0xc CMakeFiles/pico_w_webserver.dir/home/ahmed/pico-sdk/src/rp2_common/hardware_clocks/clocks.c.o
                0x10002a1c                clock_get_hz
 .text.gpio_set_function
                0x10002a28       0x34 CMakeFiles/pico_w_webserver.dir/home/ahmed/pico-sdk/src/rp2_common/hardware_gpio/gpio.c.o
                0x10002a28                gpio_set_function
 .text.gpio_set_pulls
                0x10002a5c       0x28 CMakeFiles/pico_w_webserver.dir/home/ahmed/pico-sdk/src/rp2_common/hardware_gpio/gpio.c.o
                0x10002a5c                gpio_set_pulls
 .text.gpio_set_input_hysteresis_enabled
                0x10002a84       0x28 CMakeFiles/pico_w_webserver.dir/home/ahmed/pico-sdk/src/rp2_common/hardware_gpio/gpio.c.o
                0x10002a84                gpio_set_input_hysteresis_enabled
 .text.gpio_set_irq_enabled
                0x10002aac       0x58 CMakeFiles/pico_w_webserver.dir/home/ahmed/pico-sdk/src/rp2_common/hardware_gpio/gpio.c.o
                0x10002aac                gpio_set_irq_enabled
 .text.gpio_add_raw_irq_handler_with_order_priority_masked
                0x10002b04       0x44 CMakeFiles/pico_w_webserver.dir/home/ahmed/pico-sdk/src/rp2_common/hardware_gpio/gpio.c.o
                0x10002b04                gpio_add_raw_irq_handler_with_order_priority_masked
 .text.gpio_remove_raw_irq_handler_masked
                0x10002b48       0x20 CMakeFiles/pico_w_webserver.dir/home/ahmed/pico-sdk/src/rp2_common/hardware_gpio/gpio.c.o
                0x10002b48                gpio_remove_raw_irq_handler_masked
 .text.gpio_set_input_enabled
                0x10002b68       0x28 CMakeFiles/pico_w_webserver.dir/home/ahmed/pico-sdk/src/rp2_common/hardware_gpio/gpio.c.o
                0x10002b68                gpio_set_input_enabled
 .text.gpio_init
                0x10002b90       0x40 CMakeFiles/pico_w_webserver.dir/home/ahmed/pico-sdk/src/rp2_common/hardware_gpio/gpio.c.o
                0x10002b90                gpio_init
 .text.pll_init
                0x10002bd0       0xa4 CMakeFiles/pico_w_webserver.dir/home/ahmed/pico-sdk/src/rp2_common/hardware_pll/pll.c.o
                0x10002bd0                pll_init
 .text.watchdog_reboot
                0x10002c74       0x9c CMakeFiles/pico_w_webserver.dir/home/ahmed/pico-sdk/src/rp2_common/hardware_watchdog/watchdog.c.o
                0x10002c74                watchdog_reboot
 .text.tick_start
                0x10002d10       0x10 CMakeFiles/pico_w_webserver.dir/home/ahmed/pico-sdk/src/rp2_common/hardware_ticks/ticks.c.o
                0x10002d10                tick_start
 .text.xosc_init
                0x10002d20       0x28 CMakeFiles/pico_w_webserver.dir/home/ahmed/pico-sdk/src/rp2_common/hardware_xosc/xosc.c.o
                0x10002d20                xosc_init
 .text.lwip_init
                0x10002d48       0x24 CMakeFiles/pico_w_webserver.dir/home/ahmed/pico-sdk/lib/lwip/src/core/init.c.o
                0x10002d48                lwip_init
 .text.lwip_htons
                0x10002d6c        0x8 CMakeFiles/pico_w_webserver.dir/home/ahmed/pico-sdk/lib/lwip/src/core/def.c.o
                0x10002d6c                lwip_htons
 .text.lwip_htonl
                0x10002d74        0x4 CMakeFiles/pico_w_webserver.dir/home/ahmed/pico-sdk/lib/lwip/src/core/def.c.o
                0x10002d74                lwip_htonl
 .text.lwip_strnstr
                0x10002d78       0x5c CMakeFiles/pico_w_webserver.dir/home/ahmed/pico-sdk/lib/lwip/src/core/def.c.o
                0x10002d78                lwip_strnstr
 .text.lwip_stricmp
                0x10002dd4       0x34 CMakeFiles/pico_w_webserver.dir/home/ahmed/pico-sdk/lib/lwip/src/core/def.c.o
                0x10002dd4                lwip_stricmp
 .text.dns_call_found
                0x10002e08      0x184 CMakeFiles/pico_w_webserver.dir/home/ahmed/pico-sdk/lib/lwip/src/core/dns.c.o
 .text.dns_send.isra.0
                0x10002f8c      0x174 CMakeFiles/pico_w_webserver.dir/home/ahmed/pico-sdk/lib/lwip/src/core/dns.c.o
 .text.dns_init
                0x10003100        0x4 CMakeFiles/pico_w_webserver.dir/home/ahmed/pico-sdk/lib/lwip/src/core/dns.c.o
                0x10003100                dns_init
 .text.dns_setserver
                0x10003104       0x24 CMakeFiles/pico_w_webserver.dir/home/ahmed/pico-sdk/lib/lwip/src/core/dns.c.o
                0x10003104                dns_setserver
 .text.dns_tmr  0x10003128      0x140 CMakeFiles/pico_w_webserver.dir/home/ahmed/pico-sdk/lib/lwip/src/core/dns.c.o
                0x10003128                dns_tmr
 .text.lwip_standard_chksum
                0x10003268       0xdc CMakeFiles/pico_w_webserver.dir/home/ahmed/pico-sdk/lib/lwip/src/core/inet_chksum.c.o
                0x10003268                lwip_standard_chksum
 .text.inet_chksum_pseudo
                0x10003344       0xbc CMakeFiles/pico_w_webserver.dir/home/ahmed/pico-sdk/lib/lwip/src/core/inet_chksum.c.o
                0x10003344                inet_chksum_pseudo
 .text.ip_chksum_pseudo
                0x10003400       0x10 CMakeFiles/pico_w_webserver.dir/home/ahmed/pico-sdk/lib/lwip/src/core/inet_chksum.c.o
                0x10003400                ip_chksum_pseudo
 .text.inet_chksum
                0x10003410        0xc CMakeFiles/pico_w_webserver.dir/home/ahmed/pico-sdk/lib/lwip/src/core/inet_chksum.c.o
                0x10003410                inet_chksum
 .text.inet_chksum_pbuf
                0x1000341c       0x78 CMakeFiles/pico_w_webserver.dir/home/ahmed/pico-sdk/lib/lwip/src/core/inet_chksum.c.o
                0x1000341c                inet_chksum_pbuf
 .text.mem_init
                0x10003494       0x3c CMakeFiles/pico_w_webserver.dir/home/ahmed/pico-sdk/lib/lwip/src/core/mem.c.o
                0x10003494                mem_init
 .text.mem_free
                0x100034d0      0x130 CMakeFiles/pico_w_webserver.dir/home/ahmed/pico-sdk/lib/lwip/src/core/mem.c.o
                0x100034d0                mem_free
 .text.mem_trim
                0x10003600      0x104 CMakeFiles/pico_w_webserver.dir/home/ahmed/pico-sdk/lib/lwip/src/core/mem.c.o
                0x10003600                mem_trim
 .text.mem_malloc
                0x10003704      0x124 CMakeFiles/pico_w_webserver.dir/home/ahmed/pico-sdk/lib/lwip/src/core/mem.c.o
                0x10003704                mem_malloc
 .text.memp_init
                0x10003828       0x6c CMakeFiles/pico_w_webserver.dir/home/ahmed/pico-sdk/lib/lwip/src/core/memp.c.o
                0x10003828                memp_init
 .text.memp_malloc
                0x10003894       0x40 CMakeFiles/pico_w_webserver.dir/home/ahmed/pico-sdk/lib/lwip/src/core/memp.c.o
                0x10003894                memp_malloc
 .text.memp_free
                0x100038d4       0x38 CMakeFiles/pico_w_webserver.dir/home/ahmed/pico-sdk/lib/lwip/src/core/memp.c.o
                0x100038d4                memp_free
 .text.netif_null_output_ip4
                0x1000390c        0x8 CMakeFiles/pico_w_webserver.dir/home/ahmed/pico-sdk/lib/lwip/src/core/netif.c.o
 .text.netif_do_set_ipaddr.isra.0
                0x10003914       0x60 CMakeFiles/pico_w_webserver.dir/home/ahmed/pico-sdk/lib/lwip/src/core/netif.c.o
 .text.netif_init
                0x10003974        0x4 CMakeFiles/pico_w_webserver.dir/home/ahmed/pico-sdk/lib/lwip/src/core/netif.c.o
                0x10003974                netif_init
 .text.netif_add
                0x10003978      0x16c CMakeFiles/pico_w_webserver.dir/home/ahmed/pico-sdk/lib/lwip/src/core/netif.c.o
                0x10003978                netif_add
 .text.netif_set_addr
                0x10003ae4       0xb4 CMakeFiles/pico_w_webserver.dir/home/ahmed/pico-sdk/lib/lwip/src/core/netif.c.o
                0x10003ae4                netif_set_addr
 .text.netif_remove
                0x10003b98       0x94 CMakeFiles/pico_w_webserver.dir/home/ahmed/pico-sdk/lib/lwip/src/core/netif.c.o
                0x10003b98                netif_remove
 .text.netif_set_default
                0x10003c2c        0xc CMakeFiles/pico_w_webserver.dir/home/ahmed/pico-sdk/lib/lwip/src/core/netif.c.o
                0x10003c2c                netif_set_default
 .text.netif_set_up
                0x10003c38       0x40 CMakeFiles/pico_w_webserver.dir/home/ahmed/pico-sdk/lib/lwip/src/core/netif.c.o
                0x10003c38                netif_set_up
 .text.netif_set_link_up
                0x10003c78       0x44 CMakeFiles/pico_w_webserver.dir/home/ahmed/pico-sdk/lib/lwip/src/core/netif.c.o
                0x10003c78                netif_set_link_up
 .text.netif_set_link_down
                0x10003cbc       0x20 CMakeFiles/pico_w_webserver.dir/home/ahmed/pico-sdk/lib/lwip/src/core/netif.c.o
                0x10003cbc                netif_set_link_down
 .text.netif_get_by_index
                0x10003cdc       0x2c CMakeFiles/pico_w_webserver.dir/home/ahmed/pico-sdk/lib/lwip/src/core/netif.c.o
                0x10003cdc                netif_get_by_index
 .text.pbuf_free.part.0
                0x10003d08       0x7c CMakeFiles/pico_w_webserver.dir/home/ahmed/pico-sdk/lib/lwip/src/core/pbuf.c.o
 .text.pbuf_free_ooseq
                0x10003d84       0x34 CMakeFiles/pico_w_webserver.dir/home/ahmed/pico-sdk/lib/lwip/src/core/pbuf.c.o
                0x10003d84                pbuf_free_ooseq
 .text.pbuf_alloc
                0x10003db8      0x134 CMakeFiles/pico_w_webserver.dir/home/ahmed/pico-sdk/lib/lwip/src/core/pbuf.c.o
                0x10003db8                pbuf_alloc
 .text.pbuf_realloc
                0x10003eec       0x84 CMakeFiles/pico_w_webserver.dir/home/ahmed/pico-sdk/lib/lwip/src/core/pbuf.c.o
                0x10003eec                pbuf_realloc
 .text.pbuf_add_header
                0x10003f70       0x50 CMakeFiles/pico_w_webserver.dir/home/ahmed/pico-sdk/lib/lwip/src/core/pbuf.c.o
                0x10003f70                pbuf_add_header
 .text.pbuf_remove_header
                0x10003fc0       0x3c CMakeFiles/pico_w_webserver.dir/home/ahmed/pico-sdk/lib/lwip/src/core/pbuf.c.o
                0x10003fc0                pbuf_remove_header
 .text.pbuf_header_force
                0x10003ffc       0x68 CMakeFiles/pico_w_webserver.dir/home/ahmed/pico-sdk/lib/lwip/src/core/pbuf.c.o
                0x10003ffc                pbuf_header_force
 .text.pbuf_free
                0x10004064       0x18 CMakeFiles/pico_w_webserver.dir/home/ahmed/pico-sdk/lib/lwip/src/core/pbuf.c.o
                0x10004064                pbuf_free
 .text.pbuf_clen
                0x1000407c       0x14 CMakeFiles/pico_w_webserver.dir/home/ahmed/pico-sdk/lib/lwip/src/core/pbuf.c.o
                0x1000407c                pbuf_clen
 .text.pbuf_ref
                0x10004090       0x28 CMakeFiles/pico_w_webserver.dir/home/ahmed/pico-sdk/lib/lwip/src/core/pbuf.c.o
                0x10004090                pbuf_ref
 .text.pbuf_cat
                0x100040b8       0x44 CMakeFiles/pico_w_webserver.dir/home/ahmed/pico-sdk/lib/lwip/src/core/pbuf.c.o
                0x100040b8                pbuf_cat
 .text.pbuf_chain
                0x100040fc       0x64 CMakeFiles/pico_w_webserver.dir/home/ahmed/pico-sdk/lib/lwip/src/core/pbuf.c.o
                0x100040fc                pbuf_chain
 .text.pbuf_copy_partial_pbuf
                0x10004160      0x148 CMakeFiles/pico_w_webserver.dir/home/ahmed/pico-sdk/lib/lwip/src/core/pbuf.c.o
                0x10004160                pbuf_copy_partial_pbuf
 .text.pbuf_copy
                0x100042a8       0x18 CMakeFiles/pico_w_webserver.dir/home/ahmed/pico-sdk/lib/lwip/src/core/pbuf.c.o
                0x100042a8                pbuf_copy
 .text.pbuf_copy_partial
                0x100042c0       0x68 CMakeFiles/pico_w_webserver.dir/home/ahmed/pico-sdk/lib/lwip/src/core/pbuf.c.o
                0x100042c0                pbuf_copy_partial
 .text.pbuf_take
                0x10004328       0x78 CMakeFiles/pico_w_webserver.dir/home/ahmed/pico-sdk/lib/lwip/src/core/pbuf.c.o
                0x10004328                pbuf_take
 .text.pbuf_take_at
                0x100043a0       0xcc CMakeFiles/pico_w_webserver.dir/home/ahmed/pico-sdk/lib/lwip/src/core/pbuf.c.o
                0x100043a0                pbuf_take_at
 .text.pbuf_clone
                0x1000446c       0x30 CMakeFiles/pico_w_webserver.dir/home/ahmed/pico-sdk/lib/lwip/src/core/pbuf.c.o
                0x1000446c                pbuf_clone
 .text.pbuf_put_at
                0x1000449c       0x1c CMakeFiles/pico_w_webserver.dir/home/ahmed/pico-sdk/lib/lwip/src/core/pbuf.c.o
                0x1000449c                pbuf_put_at
 .text.raw_input
                0x100044b8      0x164 CMakeFiles/pico_w_webserver.dir/home/ahmed/pico-sdk/lib/lwip/src/core/raw.c.o
                0x100044b8                raw_input
 .text.raw_netif_ip_addr_changed
                0x1000461c       0x40 CMakeFiles/pico_w_webserver.dir/home/ahmed/pico-sdk/lib/lwip/src/core/raw.c.o
                0x1000461c                raw_netif_ip_addr_changed
 .text.stats_init
                0x1000465c        0x4 CMakeFiles/pico_w_webserver.dir/home/ahmed/pico-sdk/lib/lwip/src/core/stats.c.o
                0x1000465c                stats_init
 .text.tcp_close_shutdown_fin
                0x10004660       0x54 CMakeFiles/pico_w_webserver.dir/home/ahmed/pico-sdk/lib/lwip/src/core/tcp.c.o
 .text.tcp_pcb_purge.part.0
                0x100046b4       0xc4 CMakeFiles/pico_w_webserver.dir/home/ahmed/pico-sdk/lib/lwip/src/core/tcp.c.o
 .text.tcp_init
                0x10004778       0x20 CMakeFiles/pico_w_webserver.dir/home/ahmed/pico-sdk/lib/lwip/src/core/tcp.c.o
                0x10004778                tcp_init
 .text.tcp_free
                0x10004798       0x1c CMakeFiles/pico_w_webserver.dir/home/ahmed/pico-sdk/lib/lwip/src/core/tcp.c.o
                0x10004798                tcp_free
 .text.tcp_bind
                0x100047b4       0xf4 CMakeFiles/pico_w_webserver.dir/home/ahmed/pico-sdk/lib/lwip/src/core/tcp.c.o
                0x100047b4                tcp_bind
 .text.tcp_listen_with_backlog
                0x100048a8       0x98 CMakeFiles/pico_w_webserver.dir/home/ahmed/pico-sdk/lib/lwip/src/core/tcp.c.o
                0x100048a8                tcp_listen_with_backlog
 .text.tcp_update_rcv_ann_wnd
                0x10004940       0x58 CMakeFiles/pico_w_webserver.dir/home/ahmed/pico-sdk/lib/lwip/src/core/tcp.c.o
                0x10004940                tcp_update_rcv_ann_wnd
 .text.tcp_recved
                0x10004998       0x98 CMakeFiles/pico_w_webserver.dir/home/ahmed/pico-sdk/lib/lwip/src/core/tcp.c.o
                0x10004998                tcp_recved
 .text.tcp_slowtmr
                0x10004a30      0x524 CMakeFiles/pico_w_webserver.dir/home/ahmed/pico-sdk/lib/lwip/src/core/tcp.c.o
                0x10004a30                tcp_slowtmr
 .text.tcp_segs_free
                0x10004f54       0x38 CMakeFiles/pico_w_webserver.dir/home/ahmed/pico-sdk/lib/lwip/src/core/tcp.c.o
                0x10004f54                tcp_segs_free
 .text.tcp_seg_free
                0x10004f8c       0x1c CMakeFiles/pico_w_webserver.dir/home/ahmed/pico-sdk/lib/lwip/src/core/tcp.c.o
                0x10004f8c                tcp_seg_free
 .text.tcp_setprio
                0x10004fa8        0x8 CMakeFiles/pico_w_webserver.dir/home/ahmed/pico-sdk/lib/lwip/src/core/tcp.c.o
                0x10004fa8                tcp_setprio
 .text.tcp_seg_copy
                0x10004fb0       0x2c CMakeFiles/pico_w_webserver.dir/home/ahmed/pico-sdk/lib/lwip/src/core/tcp.c.o
                0x10004fb0                tcp_seg_copy
 .text.tcp_arg  0x10004fdc        0x8 CMakeFiles/pico_w_webserver.dir/home/ahmed/pico-sdk/lib/lwip/src/core/tcp.c.o
                0x10004fdc                tcp_arg
 .text.tcp_recv
                0x10004fe4       0x1c CMakeFiles/pico_w_webserver.dir/home/ahmed/pico-sdk/lib/lwip/src/core/tcp.c.o
                0x10004fe4                tcp_recv
 .text.tcp_sent
                0x10005000       0x1c CMakeFiles/pico_w_webserver.dir/home/ahmed/pico-sdk/lib/lwip/src/core/tcp.c.o
                0x10005000                tcp_sent
 .text.tcp_err  0x1000501c       0x1c CMakeFiles/pico_w_webserver.dir/home/ahmed/pico-sdk/lib/lwip/src/core/tcp.c.o
                0x1000501c                tcp_err
 .text.tcp_accept
                0x10005038       0x10 CMakeFiles/pico_w_webserver.dir/home/ahmed/pico-sdk/lib/lwip/src/core/tcp.c.o
                0x10005038                tcp_accept
 .text.tcp_poll
                0x10005048       0x20 CMakeFiles/pico_w_webserver.dir/home/ahmed/pico-sdk/lib/lwip/src/core/tcp.c.o
                0x10005048                tcp_poll
 .text.tcp_pcb_purge
                0x10005068       0x18 CMakeFiles/pico_w_webserver.dir/home/ahmed/pico-sdk/lib/lwip/src/core/tcp.c.o
                0x10005068                tcp_pcb_purge
 .text.tcp_pcb_remove
                0x10005080       0xc8 CMakeFiles/pico_w_webserver.dir/home/ahmed/pico-sdk/lib/lwip/src/core/tcp.c.o
                0x10005080                tcp_pcb_remove
 .text.tcp_abandon
                0x10005148      0x1a0 CMakeFiles/pico_w_webserver.dir/home/ahmed/pico-sdk/lib/lwip/src/core/tcp.c.o
                0x10005148                tcp_abandon
 .text.tcp_abort
                0x100052e8        0xc CMakeFiles/pico_w_webserver.dir/home/ahmed/pico-sdk/lib/lwip/src/core/tcp.c.o
                0x100052e8                tcp_abort
 .text.tcp_accept_null
                0x100052f4       0x20 CMakeFiles/pico_w_webserver.dir/home/ahmed/pico-sdk/lib/lwip/src/core/tcp.c.o
 .text.tcp_alloc
                0x10005314      0x1d4 CMakeFiles/pico_w_webserver.dir/home/ahmed/pico-sdk/lib/lwip/src/core/tcp.c.o
                0x10005314                tcp_alloc
 .text.tcp_new_ip_type
                0x100054e8        0xc CMakeFiles/pico_w_webserver.dir/home/ahmed/pico-sdk/lib/lwip/src/core/tcp.c.o
                0x100054e8                tcp_new_ip_type
 .text.tcp_close_shutdown
                0x100054f4      0x188 CMakeFiles/pico_w_webserver.dir/home/ahmed/pico-sdk/lib/lwip/src/core/tcp.c.o
 .text.tcp_recv_null
                0x1000567c       0xcc CMakeFiles/pico_w_webserver.dir/home/ahmed/pico-sdk/lib/lwip/src/core/tcp.c.o
                0x1000567c                tcp_recv_null
 .text.tcp_process_refused_data
                0x10005748       0x78 CMakeFiles/pico_w_webserver.dir/home/ahmed/pico-sdk/lib/lwip/src/core/tcp.c.o
                0x10005748                tcp_process_refused_data
 .text.tcp_fasttmr
                0x100057c0       0x98 CMakeFiles/pico_w_webserver.dir/home/ahmed/pico-sdk/lib/lwip/src/core/tcp.c.o
                0x100057c0                tcp_fasttmr
 .text.tcp_tmr  0x10005858       0x20 CMakeFiles/pico_w_webserver.dir/home/ahmed/pico-sdk/lib/lwip/src/core/tcp.c.o
                0x10005858                tcp_tmr
 .text.tcp_close
                0x10005878      0x170 CMakeFiles/pico_w_webserver.dir/home/ahmed/pico-sdk/lib/lwip/src/core/tcp.c.o
                0x10005878                tcp_close
 .text.tcp_next_iss
                0x100059e8       0x28 CMakeFiles/pico_w_webserver.dir/home/ahmed/pico-sdk/lib/lwip/src/core/tcp.c.o
                0x100059e8                tcp_next_iss
 .text.tcp_eff_send_mss_netif
                0x10005a10       0x34 CMakeFiles/pico_w_webserver.dir/home/ahmed/pico-sdk/lib/lwip/src/core/tcp.c.o
                0x10005a10                tcp_eff_send_mss_netif
 .text.tcp_netif_ip_addr_changed
                0x10005a44       0x94 CMakeFiles/pico_w_webserver.dir/home/ahmed/pico-sdk/lib/lwip/src/core/tcp.c.o
                0x10005a44                tcp_netif_ip_addr_changed
 .text.tcp_free_ooseq
                0x10005ad8       0x40 CMakeFiles/pico_w_webserver.dir/home/ahmed/pico-sdk/lib/lwip/src/core/tcp.c.o
                0x10005ad8                tcp_free_ooseq
 .text.tcp_parseopt
                0x10005b18      0x1bc CMakeFiles/pico_w_webserver.dir/home/ahmed/pico-sdk/lib/lwip/src/core/tcp_in.c.o
 .text.tcp_oos_insert_segment
                0x10005cd4       0xdc CMakeFiles/pico_w_webserver.dir/home/ahmed/pico-sdk/lib/lwip/src/core/tcp_in.c.o
 .text.tcp_free_acked_segments.isra.0
                0x10005db0       0xdc CMakeFiles/pico_w_webserver.dir/home/ahmed/pico-sdk/lib/lwip/src/core/tcp_in.c.o
 .text.tcp_receive
                0x10005e8c      0xa00 CMakeFiles/pico_w_webserver.dir/home/ahmed/pico-sdk/lib/lwip/src/core/tcp_in.c.o
 .text.tcp_input
                0x1000688c      0xe54 CMakeFiles/pico_w_webserver.dir/home/ahmed/pico-sdk/lib/lwip/src/core/tcp_in.c.o
                0x1000688c                tcp_input
 .text.tcp_trigger_input_pcb_close
                0x100076e0       0x10 CMakeFiles/pico_w_webserver.dir/home/ahmed/pico-sdk/lib/lwip/src/core/tcp_in.c.o
                0x100076e0                tcp_trigger_input_pcb_close
 .text.tcp_create_segment
                0x100076f0       0xf8 CMakeFiles/pico_w_webserver.dir/home/ahmed/pico-sdk/lib/lwip/src/core/tcp_out.c.o
 .text.tcp_output_control_segment
                0x100077e8       0xc0 CMakeFiles/pico_w_webserver.dir/home/ahmed/pico-sdk/lib/lwip/src/core/tcp_out.c.o
 .text.tcp_output_alloc_header.constprop.0
                0x100078a8       0xc8 CMakeFiles/pico_w_webserver.dir/home/ahmed/pico-sdk/lib/lwip/src/core/tcp_out.c.o
 .text.tcp_write
                0x10007970      0x468 CMakeFiles/pico_w_webserver.dir/home/ahmed/pico-sdk/lib/lwip/src/core/tcp_out.c.o
                0x10007970                tcp_write
 .text.tcp_split_unsent_seg
                0x10007dd8      0x1b4 CMakeFiles/pico_w_webserver.dir/home/ahmed/pico-sdk/lib/lwip/src/core/tcp_out.c.o
                0x10007dd8                tcp_split_unsent_seg
 .text.tcp_send_fin
                0x10007f8c      0x118 CMakeFiles/pico_w_webserver.dir/home/ahmed/pico-sdk/lib/lwip/src/core/tcp_out.c.o
                0x10007f8c                tcp_send_fin
 .text.tcp_enqueue_flags
                0x100080a4      0x108 CMakeFiles/pico_w_webserver.dir/home/ahmed/pico-sdk/lib/lwip/src/core/tcp_out.c.o
                0x100080a4                tcp_enqueue_flags
 .text.tcp_rexmit_rto_prepare
                0x100081ac       0x9c CMakeFiles/pico_w_webserver.dir/home/ahmed/pico-sdk/lib/lwip/src/core/tcp_out.c.o
                0x100081ac                tcp_rexmit_rto_prepare
 .text.tcp_rexmit
                0x10008248       0x9c CMakeFiles/pico_w_webserver.dir/home/ahmed/pico-sdk/lib/lwip/src/core/tcp_out.c.o
                0x10008248                tcp_rexmit
 .text.tcp_rexmit_fast
                0x100082e4       0x64 CMakeFiles/pico_w_webserver.dir/home/ahmed/pico-sdk/lib/lwip/src/core/tcp_out.c.o
                0x100082e4                tcp_rexmit_fast
 .text.tcp_rst  0x10008348       0xe8 CMakeFiles/pico_w_webserver.dir/home/ahmed/pico-sdk/lib/lwip/src/core/tcp_out.c.o
                0x10008348                tcp_rst
 .text.tcp_rst_netif
                0x10008430      0x130 CMakeFiles/pico_w_webserver.dir/home/ahmed/pico-sdk/lib/lwip/src/core/tcp_out.c.o
                0x10008430                tcp_rst_netif
 .text.tcp_send_empty_ack
                0x10008560       0x4c CMakeFiles/pico_w_webserver.dir/home/ahmed/pico-sdk/lib/lwip/src/core/tcp_out.c.o
                0x10008560                tcp_send_empty_ack
 .text.tcp_output
                0x100085ac      0x454 CMakeFiles/pico_w_webserver.dir/home/ahmed/pico-sdk/lib/lwip/src/core/tcp_out.c.o
                0x100085ac                tcp_output
 .text.tcp_rexmit_rto_commit
                0x10008a00       0x24 CMakeFiles/pico_w_webserver.dir/home/ahmed/pico-sdk/lib/lwip/src/core/tcp_out.c.o
                0x10008a00                tcp_rexmit_rto_commit
 .text.tcp_rexmit_rto
                0x10008a24       0xa4 CMakeFiles/pico_w_webserver.dir/home/ahmed/pico-sdk/lib/lwip/src/core/tcp_out.c.o
                0x10008a24                tcp_rexmit_rto
 .text.tcp_keepalive
                0x10008ac8       0xdc CMakeFiles/pico_w_webserver.dir/home/ahmed/pico-sdk/lib/lwip/src/core/tcp_out.c.o
                0x10008ac8                tcp_keepalive
 .text.tcp_zero_window_probe
                0x10008ba4      0x110 CMakeFiles/pico_w_webserver.dir/home/ahmed/pico-sdk/lib/lwip/src/core/tcp_out.c.o
                0x10008ba4                tcp_zero_window_probe
 .text.tcpip_tcp_timer
                0x10008cb4       0x78 CMakeFiles/pico_w_webserver.dir/home/ahmed/pico-sdk/lib/lwip/src/core/timeouts.c.o
 .text.lwip_cyclic_timer
                0x10008d2c       0x98 CMakeFiles/pico_w_webserver.dir/home/ahmed/pico-sdk/lib/lwip/src/core/timeouts.c.o
 .text.tcp_timer_needed
                0x10008dc4       0x7c CMakeFiles/pico_w_webserver.dir/home/ahmed/pico-sdk/lib/lwip/src/core/timeouts.c.o
                0x10008dc4                tcp_timer_needed
 .text.sys_timeouts_init
                0x10008e40       0x8c CMakeFiles/pico_w_webserver.dir/home/ahmed/pico-sdk/lib/lwip/src/core/timeouts.c.o
                0x10008e40                sys_timeouts_init
 .text.sys_check_timeouts
                0x10008ecc       0x68 CMakeFiles/pico_w_webserver.dir/home/ahmed/pico-sdk/lib/lwip/src/core/timeouts.c.o
                0x10008ecc                sys_check_timeouts
 .text.sys_timeouts_sleeptime
                0x10008f34       0x28 CMakeFiles/pico_w_webserver.dir/home/ahmed/pico-sdk/lib/lwip/src/core/timeouts.c.o
                0x10008f34                sys_timeouts_sleeptime
 .text.udp_init
                0x10008f5c       0x20 CMakeFiles/pico_w_webserver.dir/home/ahmed/pico-sdk/lib/lwip/src/core/udp.c.o
                0x10008f5c                udp_init
 .text.udp_input
                0x10008f7c      0x320 CMakeFiles/pico_w_webserver.dir/home/ahmed/pico-sdk/lib/lwip/src/core/udp.c.o
                0x10008f7c                udp_input
 .text.udp_bind
                0x1000929c      0x118 CMakeFiles/pico_w_webserver.dir/home/ahmed/pico-sdk/lib/lwip/src/core/udp.c.o
                0x1000929c                udp_bind
 .text.udp_sendto_if_src
                0x100093b4      0x130 CMakeFiles/pico_w_webserver.dir/home/ahmed/pico-sdk/lib/lwip/src/core/udp.c.o
                0x100093b4                udp_sendto_if_src
 .text.udp_sendto_if
                0x100094e4       0x48 CMakeFiles/pico_w_webserver.dir/home/ahmed/pico-sdk/lib/lwip/src/core/udp.c.o
                0x100094e4                udp_sendto_if
 .text.udp_sendto
                0x1000952c       0x78 CMakeFiles/pico_w_webserver.dir/home/ahmed/pico-sdk/lib/lwip/src/core/udp.c.o
                0x1000952c                udp_sendto
 .text.udp_connect
                0x100095a4       0x60 CMakeFiles/pico_w_webserver.dir/home/ahmed/pico-sdk/lib/lwip/src/core/udp.c.o
                0x100095a4                udp_connect
 .text.udp_recv
                0x10009604        0xc CMakeFiles/pico_w_webserver.dir/home/ahmed/pico-sdk/lib/lwip/src/core/udp.c.o
                0x10009604                udp_recv
 .text.udp_remove
                0x10009610       0x3c CMakeFiles/pico_w_webserver.dir/home/ahmed/pico-sdk/lib/lwip/src/core/udp.c.o
                0x10009610                udp_remove
 .text.udp_new  0x1000964c       0x1c CMakeFiles/pico_w_webserver.dir/home/ahmed/pico-sdk/lib/lwip/src/core/udp.c.o
                0x1000964c                udp_new
 .text.udp_netif_ip_addr_changed
                0x10009668       0x40 CMakeFiles/pico_w_webserver.dir/home/ahmed/pico-sdk/lib/lwip/src/core/udp.c.o
                0x10009668                udp_netif_ip_addr_changed
 .text.dhcp_create_msg
                0x100096a8      0x164 CMakeFiles/pico_w_webserver.dir/home/ahmed/pico-sdk/lib/lwip/src/core/ipv4/dhcp.c.o
 .text.dhcp_inc_pcb_refcount
                0x1000980c       0x6c CMakeFiles/pico_w_webserver.dir/home/ahmed/pico-sdk/lib/lwip/src/core/ipv4/dhcp.c.o
 .text.dhcp_bind
                0x10009878      0x138 CMakeFiles/pico_w_webserver.dir/home/ahmed/pico-sdk/lib/lwip/src/core/ipv4/dhcp.c.o
 .text.dhcp_option_hostname.isra.0
                0x100099b0       0x84 CMakeFiles/pico_w_webserver.dir/home/ahmed/pico-sdk/lib/lwip/src/core/ipv4/dhcp.c.o
 .text.dhcp_handle_ack.isra.0
                0x10009a34       0xcc CMakeFiles/pico_w_webserver.dir/home/ahmed/pico-sdk/lib/lwip/src/core/ipv4/dhcp.c.o
 .text.dhcp_reboot.isra.0
                0x10009b00      0x178 CMakeFiles/pico_w_webserver.dir/home/ahmed/pico-sdk/lib/lwip/src/core/ipv4/dhcp.c.o
 .text.dhcp_discover
                0x10009c78      0x140 CMakeFiles/pico_w_webserver.dir/home/ahmed/pico-sdk/lib/lwip/src/core/ipv4/dhcp.c.o
 .text.dhcp_select.isra.0
                0x10009db8      0x1e0 CMakeFiles/pico_w_webserver.dir/home/ahmed/pico-sdk/lib/lwip/src/core/ipv4/dhcp.c.o
 .text.dhcp_recv
                0x10009f98      0x47c CMakeFiles/pico_w_webserver.dir/home/ahmed/pico-sdk/lib/lwip/src/core/ipv4/dhcp.c.o
 .text.dhcp_set_struct
                0x1000a414       0x44 CMakeFiles/pico_w_webserver.dir/home/ahmed/pico-sdk/lib/lwip/src/core/ipv4/dhcp.c.o
                0x1000a414                dhcp_set_struct
 .text.dhcp_network_changed_link_up
                0x1000a458       0x40 CMakeFiles/pico_w_webserver.dir/home/ahmed/pico-sdk/lib/lwip/src/core/ipv4/dhcp.c.o
                0x1000a458                dhcp_network_changed_link_up
 .text.dhcp_renew
                0x1000a498      0x138 CMakeFiles/pico_w_webserver.dir/home/ahmed/pico-sdk/lib/lwip/src/core/ipv4/dhcp.c.o
                0x1000a498                dhcp_renew
 .text.dhcp_release_and_stop
                0x1000a5d0      0x158 CMakeFiles/pico_w_webserver.dir/home/ahmed/pico-sdk/lib/lwip/src/core/ipv4/dhcp.c.o
                0x1000a5d0                dhcp_release_and_stop
 .text.dhcp_start
                0x1000a728       0xb0 CMakeFiles/pico_w_webserver.dir/home/ahmed/pico-sdk/lib/lwip/src/core/ipv4/dhcp.c.o
                0x1000a728                dhcp_start
 .text.dhcp_coarse_tmr
                0x1000a7d8      0x1d8 CMakeFiles/pico_w_webserver.dir/home/ahmed/pico-sdk/lib/lwip/src/core/ipv4/dhcp.c.o
                0x1000a7d8                dhcp_coarse_tmr
 .text.dhcp_fine_tmr
                0x1000a9b0       0x78 CMakeFiles/pico_w_webserver.dir/home/ahmed/pico-sdk/lib/lwip/src/core/ipv4/dhcp.c.o
                0x1000a9b0                dhcp_fine_tmr
 .text.dhcp_stop
                0x1000aa28      0x158 CMakeFiles/pico_w_webserver.dir/home/ahmed/pico-sdk/lib/lwip/src/core/ipv4/dhcp.c.o
                0x1000aa28                dhcp_stop
 .text.etharp_find_entry
                0x1000ab80      0x3c0 CMakeFiles/pico_w_webserver.dir/home/ahmed/pico-sdk/lib/lwip/src/core/ipv4/etharp.c.o
 .text.etharp_raw
                0x1000af40       0xec CMakeFiles/pico_w_webserver.dir/home/ahmed/pico-sdk/lib/lwip/src/core/ipv4/etharp.c.o
 .text.etharp_output_to_arp_index
                0x1000b02c       0xd0 CMakeFiles/pico_w_webserver.dir/home/ahmed/pico-sdk/lib/lwip/src/core/ipv4/etharp.c.o
 .text.etharp_tmr
                0x1000b0fc       0x94 CMakeFiles/pico_w_webserver.dir/home/ahmed/pico-sdk/lib/lwip/src/core/ipv4/etharp.c.o
                0x1000b0fc                etharp_tmr
 .text.etharp_cleanup_netif
                0x1000b190      0x188 CMakeFiles/pico_w_webserver.dir/home/ahmed/pico-sdk/lib/lwip/src/core/ipv4/etharp.c.o
                0x1000b190                etharp_cleanup_netif
 .text.etharp_input
                0x1000b318      0x1b8 CMakeFiles/pico_w_webserver.dir/home/ahmed/pico-sdk/lib/lwip/src/core/ipv4/etharp.c.o
                0x1000b318                etharp_input
 .text.etharp_query
                0x1000b4d0      0x1b8 CMakeFiles/pico_w_webserver.dir/home/ahmed/pico-sdk/lib/lwip/src/core/ipv4/etharp.c.o
                0x1000b4d0                etharp_query
 .text.etharp_output
                0x1000b688      0x24c CMakeFiles/pico_w_webserver.dir/home/ahmed/pico-sdk/lib/lwip/src/core/ipv4/etharp.c.o
                0x1000b688                etharp_output
 .text.etharp_request
                0x1000b8d4       0x2c CMakeFiles/pico_w_webserver.dir/home/ahmed/pico-sdk/lib/lwip/src/core/ipv4/etharp.c.o
                0x1000b8d4                etharp_request
 .text.icmp_input
                0x1000b900      0x1ec CMakeFiles/pico_w_webserver.dir/home/ahmed/pico-sdk/lib/lwip/src/core/ipv4/icmp.c.o
                0x1000b900                icmp_input
 .text.icmp_dest_unreach
                0x1000baec       0xcc CMakeFiles/pico_w_webserver.dir/home/ahmed/pico-sdk/lib/lwip/src/core/ipv4/icmp.c.o
                0x1000baec                icmp_dest_unreach
 .text.icmp_time_exceeded
                0x1000bbb8       0xcc CMakeFiles/pico_w_webserver.dir/home/ahmed/pico-sdk/lib/lwip/src/core/ipv4/icmp.c.o
                0x1000bbb8                icmp_time_exceeded
 .text.ip_reass_free_complete_datagram
                0x1000bc84      0x11c CMakeFiles/pico_w_webserver.dir/home/ahmed/pico-sdk/lib/lwip/src/core/ipv4/ip4_frag.c.o
 .text.ip_reass_remove_oldest_datagram
                0x1000bda0       0xd8 CMakeFiles/pico_w_webserver.dir/home/ahmed/pico-sdk/lib/lwip/src/core/ipv4/ip4_frag.c.o
 .text.ip_reass_tmr
                0x1000be78       0x30 CMakeFiles/pico_w_webserver.dir/home/ahmed/pico-sdk/lib/lwip/src/core/ipv4/ip4_frag.c.o
                0x1000be78                ip_reass_tmr
 .text.ip4_reass
                0x1000bea8      0x560 CMakeFiles/pico_w_webserver.dir/home/ahmed/pico-sdk/lib/lwip/src/core/ipv4/ip4_frag.c.o
                0x1000bea8                ip4_reass
 .text.ip4_frag
                0x1000c408      0x254 CMakeFiles/pico_w_webserver.dir/home/ahmed/pico-sdk/lib/lwip/src/core/ipv4/ip4_frag.c.o
                0x1000c408                ip4_frag
 .text.ip4_route
                0x1000c65c       0x7c CMakeFiles/pico_w_webserver.dir/home/ahmed/pico-sdk/lib/lwip/src/core/ipv4/ip4.c.o
                0x1000c65c                ip4_route
 .text.ip4_input
                0x1000c6d8      0x300 CMakeFiles/pico_w_webserver.dir/home/ahmed/pico-sdk/lib/lwip/src/core/ipv4/ip4.c.o
                0x1000c6d8                ip4_input
 .text.ip4_output_if
                0x1000c9d8      0x190 CMakeFiles/pico_w_webserver.dir/home/ahmed/pico-sdk/lib/lwip/src/core/ipv4/ip4.c.o
                0x1000c9d8                ip4_output_if
 .text.ip4_output_if_src
                0x1000cb68      0x184 CMakeFiles/pico_w_webserver.dir/home/ahmed/pico-sdk/lib/lwip/src/core/ipv4/ip4.c.o
                0x1000cb68                ip4_output_if_src
 .text.ip4_addr_isbroadcast_u32
                0x1000ccec       0x3c CMakeFiles/pico_w_webserver.dir/home/ahmed/pico-sdk/lib/lwip/src/core/ipv4/ip4_addr.c.o
                0x1000ccec                ip4_addr_isbroadcast_u32
 .text.ip4addr_ntoa
                0x1000cd28       0xec CMakeFiles/pico_w_webserver.dir/home/ahmed/pico-sdk/lib/lwip/src/core/ipv4/ip4_addr.c.o
                0x1000cd28                ip4addr_ntoa
 .text.ethernet_input
                0x1000ce14       0xd0 CMakeFiles/pico_w_webserver.dir/home/ahmed/pico-sdk/lib/lwip/src/netif/ethernet.c.o
                0x1000ce14                ethernet_input
 .text.ethernet_output
                0x1000cee4       0x6c CMakeFiles/pico_w_webserver.dir/home/ahmed/pico-sdk/lib/lwip/src/netif/ethernet.c.o
                0x1000cee4                ethernet_output
 .text.cyw43_arch_wifi_connect_bssid_until.part.0
                0x1000cf50      0x150 CMakeFiles/pico_w_webserver.dir/home/ahmed/pico-sdk/src/rp2_common/pico_cyw43_arch/cyw43_arch.c.o
 .text.cyw43_arch_set_async_context
                0x1000d0a0        0xc CMakeFiles/pico_w_webserver.dir/home/ahmed/pico-sdk/src/rp2_common/pico_cyw43_arch/cyw43_arch.c.o
                0x1000d0a0                cyw43_arch_set_async_context
 .text.cyw43_arch_enable_sta_mode
                0x1000d0ac       0x1c CMakeFiles/pico_w_webserver.dir/home/ahmed/pico-sdk/src/rp2_common/pico_cyw43_arch/cyw43_arch.c.o
                0x1000d0ac                cyw43_arch_enable_sta_mode
 .text.cyw43_arch_wifi_connect_timeout_ms
                0x1000d0c8       0xa0 CMakeFiles/pico_w_webserver.dir/home/ahmed/pico-sdk/src/rp2_common/pico_cyw43_arch/cyw43_arch.c.o
                0x1000d0c8                cyw43_arch_wifi_connect_timeout_ms
 .text.cyw43_arch_gpio_put
                0x1000d168       0x14 CMakeFiles/pico_w_webserver.dir/home/ahmed/pico-sdk/src/rp2_common/pico_cyw43_arch/cyw43_arch.c.o
                0x1000d168                cyw43_arch_gpio_put
 .text.cyw43_arch_gpio_get
                0x1000d17c       0x24 CMakeFiles/pico_w_webserver.dir/home/ahmed/pico-sdk/src/rp2_common/pico_cyw43_arch/cyw43_arch.c.o
                0x1000d17c                cyw43_arch_gpio_get
 .text.cyw43_arch_async_context
                0x1000d1a0        0xc CMakeFiles/pico_w_webserver.dir/home/ahmed/pico-sdk/src/rp2_common/pico_cyw43_arch/cyw43_arch.c.o
                0x1000d1a0                cyw43_arch_async_context
 .text.cyw43_arch_init
                0x1000d1ac       0x74 CMakeFiles/pico_w_webserver.dir/home/ahmed/pico-sdk/src/rp2_common/pico_cyw43_arch/cyw43_arch_threadsafe_background.c.o
                0x1000d1ac                cyw43_arch_init
 .text.ns_delay.constprop.0
                0x1000d220       0x20 CMakeFiles/pico_w_webserver.dir/home/ahmed/pico-sdk/src/rp2_common/pico_cyw43_driver/cyw43_bus_pio_spi.c.o
 .text.cyw43_spi_deinit
                0x1000d240       0x6c CMakeFiles/pico_w_webserver.dir/home/ahmed/pico-sdk/src/rp2_common/pico_cyw43_driver/cyw43_bus_pio_spi.c.o
                0x1000d240                cyw43_spi_deinit
 .text.cyw43_spi_init
                0x1000d2ac      0x128 CMakeFiles/pico_w_webserver.dir/home/ahmed/pico-sdk/src/rp2_common/pico_cyw43_driver/cyw43_bus_pio_spi.c.o
                0x1000d2ac                cyw43_spi_init
 .text.cyw43_spi_transfer
                0x1000d3d4      0x408 CMakeFiles/pico_w_webserver.dir/home/ahmed/pico-sdk/src/rp2_common/pico_cyw43_driver/cyw43_bus_pio_spi.c.o
                0x1000d3d4                cyw43_spi_transfer
 .text.cyw43_spi_gpio_setup
                0x1000d7dc       0x3c CMakeFiles/pico_w_webserver.dir/home/ahmed/pico-sdk/src/rp2_common/pico_cyw43_driver/cyw43_bus_pio_spi.c.o
                0x1000d7dc                cyw43_spi_gpio_setup
 .text.cyw43_spi_reset
                0x1000d818       0x28 CMakeFiles/pico_w_webserver.dir/home/ahmed/pico-sdk/src/rp2_common/pico_cyw43_driver/cyw43_bus_pio_spi.c.o
                0x1000d818                cyw43_spi_reset
 .text.read_reg_u32_swap
                0x1000d840       0x3c CMakeFiles/pico_w_webserver.dir/home/ahmed/pico-sdk/src/rp2_common/pico_cyw43_driver/cyw43_bus_pio_spi.c.o
                0x1000d840                read_reg_u32_swap
 .text.cyw43_read_reg_u32
                0x1000d87c       0x50 CMakeFiles/pico_w_webserver.dir/home/ahmed/pico-sdk/src/rp2_common/pico_cyw43_driver/cyw43_bus_pio_spi.c.o
                0x1000d87c                cyw43_read_reg_u32
 .text.cyw43_read_reg_u16
                0x1000d8cc       0x50 CMakeFiles/pico_w_webserver.dir/home/ahmed/pico-sdk/src/rp2_common/pico_cyw43_driver/cyw43_bus_pio_spi.c.o
                0x1000d8cc                cyw43_read_reg_u16
 .text.cyw43_read_reg_u8
                0x1000d91c       0x50 CMakeFiles/pico_w_webserver.dir/home/ahmed/pico-sdk/src/rp2_common/pico_cyw43_driver/cyw43_bus_pio_spi.c.o
                0x1000d91c                cyw43_read_reg_u8
 .text.write_reg_u32_swap
                0x1000d96c      0x1fc CMakeFiles/pico_w_webserver.dir/home/ahmed/pico-sdk/src/rp2_common/pico_cyw43_driver/cyw43_bus_pio_spi.c.o
                0x1000d96c                write_reg_u32_swap
 .text.cyw43_write_reg_u32
                0x1000db68      0x21c CMakeFiles/pico_w_webserver.dir/home/ahmed/pico-sdk/src/rp2_common/pico_cyw43_driver/cyw43_bus_pio_spi.c.o
                0x1000db68                cyw43_write_reg_u32
 .text.cyw43_write_reg_u16
                0x1000dd84      0x21c CMakeFiles/pico_w_webserver.dir/home/ahmed/pico-sdk/src/rp2_common/pico_cyw43_driver/cyw43_bus_pio_spi.c.o
                0x1000dd84                cyw43_write_reg_u16
 .text.cyw43_write_reg_u8
                0x1000dfa0      0x21c CMakeFiles/pico_w_webserver.dir/home/ahmed/pico-sdk/src/rp2_common/pico_cyw43_driver/cyw43_bus_pio_spi.c.o
                0x1000dfa0                cyw43_write_reg_u8
 .text.cyw43_read_bytes
                0x1000e1bc       0x78 CMakeFiles/pico_w_webserver.dir/home/ahmed/pico-sdk/src/rp2_common/pico_cyw43_driver/cyw43_bus_pio_spi.c.o
                0x1000e1bc                cyw43_read_bytes
 .text.cyw43_write_bytes
                0x1000e234       0xc0 CMakeFiles/pico_w_webserver.dir/home/ahmed/pico-sdk/src/rp2_common/pico_cyw43_driver/cyw43_bus_pio_spi.c.o
                0x1000e234                cyw43_write_bytes
 .text.cyw43_set_backplane_window
                0x1000e2f4       0x68 CMakeFiles/pico_w_webserver.dir/home/ahmed/pico-sdk/lib/cyw43-driver/src/cyw43_ll.c.o
 .text.cyw43_ll_parse_async_event
                0x1000e35c      0x134 CMakeFiles/pico_w_webserver.dir/home/ahmed/pico-sdk/lib/cyw43-driver/src/cyw43_ll.c.o
 .text.cyw43_kso_set
                0x1000e490       0x80 CMakeFiles/pico_w_webserver.dir/home/ahmed/pico-sdk/lib/cyw43-driver/src/cyw43_ll.c.o
 .text.cyw43_ll_sdpcm_poll_device
                0x1000e510      0x238 CMakeFiles/pico_w_webserver.dir/home/ahmed/pico-sdk/lib/cyw43-driver/src/cyw43_ll.c.o
 .text.cyw43_sdpcm_send_common
                0x1000e748       0xfc CMakeFiles/pico_w_webserver.dir/home/ahmed/pico-sdk/lib/cyw43-driver/src/cyw43_ll.c.o
 .text.cyw43_do_ioctl.part.0
                0x1000e844       0xc4 CMakeFiles/pico_w_webserver.dir/home/ahmed/pico-sdk/lib/cyw43-driver/src/cyw43_ll.c.o
 .text.cyw43_download_resource
                0x1000e908       0xd0 CMakeFiles/pico_w_webserver.dir/home/ahmed/pico-sdk/lib/cyw43-driver/src/cyw43_ll.c.o
 .text.cyw43_write_iovar_u32.constprop.0
                0x1000e9d8       0x98 CMakeFiles/pico_w_webserver.dir/home/ahmed/pico-sdk/lib/cyw43-driver/src/cyw43_ll.c.o
 .text.cyw43_write_iovar_n
                0x1000ea70       0x8c CMakeFiles/pico_w_webserver.dir/home/ahmed/pico-sdk/lib/cyw43-driver/src/cyw43_ll.c.o
 .text.cyw43_write_iovar_u32_u32.constprop.0
                0x1000eafc       0xac CMakeFiles/pico_w_webserver.dir/home/ahmed/pico-sdk/lib/cyw43-driver/src/cyw43_ll.c.o
 .text.cyw43_read_backplane.constprop.0
                0x1000eba8       0xe4 CMakeFiles/pico_w_webserver.dir/home/ahmed/pico-sdk/lib/cyw43-driver/src/cyw43_ll.c.o
 .text.cyw43_write_backplane
                0x1000ec8c      0x10c CMakeFiles/pico_w_webserver.dir/home/ahmed/pico-sdk/lib/cyw43-driver/src/cyw43_ll.c.o
 .text.reset_device_core.constprop.0
                0x1000ed98      0x410 CMakeFiles/pico_w_webserver.dir/home/ahmed/pico-sdk/lib/cyw43-driver/src/cyw43_ll.c.o
 .text.cyw43_ll_init
                0x1000f1a8       0x1c CMakeFiles/pico_w_webserver.dir/home/ahmed/pico-sdk/lib/cyw43-driver/src/cyw43_ll.c.o
                0x1000f1a8                cyw43_ll_init
 .text.cyw43_ll_deinit
                0x1000f1c4        0x8 CMakeFiles/pico_w_webserver.dir/home/ahmed/pico-sdk/lib/cyw43-driver/src/cyw43_ll.c.o
                0x1000f1c4                cyw43_ll_deinit
 .text.cyw43_ll_send_ethernet
                0x1000f1cc       0x60 CMakeFiles/pico_w_webserver.dir/home/ahmed/pico-sdk/lib/cyw43-driver/src/cyw43_ll.c.o
                0x1000f1cc                cyw43_ll_send_ethernet
 .text.cyw43_ll_process_packets
                0x1000f22c       0x54 CMakeFiles/pico_w_webserver.dir/home/ahmed/pico-sdk/lib/cyw43-driver/src/cyw43_ll.c.o
                0x1000f22c                cyw43_ll_process_packets
 .text.cyw43_ll_ioctl
                0x1000f280       0x80 CMakeFiles/pico_w_webserver.dir/home/ahmed/pico-sdk/lib/cyw43-driver/src/cyw43_ll.c.o
                0x1000f280                cyw43_ll_ioctl
 .text.cyw43_ll_bus_sleep
                0x1000f300       0x34 CMakeFiles/pico_w_webserver.dir/home/ahmed/pico-sdk/lib/cyw43-driver/src/cyw43_ll.c.o
                0x1000f300                cyw43_ll_bus_sleep
 .text.cyw43_ll_wifi_on
                0x1000f334      0x1f8 CMakeFiles/pico_w_webserver.dir/home/ahmed/pico-sdk/lib/cyw43-driver/src/cyw43_ll.c.o
                0x1000f334                cyw43_ll_wifi_on
 .text.cyw43_ll_wifi_get_mac
                0x1000f52c       0x74 CMakeFiles/pico_w_webserver.dir/home/ahmed/pico-sdk/lib/cyw43-driver/src/cyw43_ll.c.o
                0x1000f52c                cyw43_ll_wifi_get_mac
 .text.cyw43_ll_bus_init
                0x1000f5a0      0x920 CMakeFiles/pico_w_webserver.dir/home/ahmed/pico-sdk/lib/cyw43-driver/src/cyw43_ll.c.o
                0x1000f5a0                cyw43_ll_bus_init
 .text.cyw43_ll_wifi_pm
                0x1000fec0      0x11c CMakeFiles/pico_w_webserver.dir/home/ahmed/pico-sdk/lib/cyw43-driver/src/cyw43_ll.c.o
                0x1000fec0                cyw43_ll_wifi_pm
 .text.cyw43_ll_wifi_join
                0x1000ffdc      0x4bc CMakeFiles/pico_w_webserver.dir/home/ahmed/pico-sdk/lib/cyw43-driver/src/cyw43_ll.c.o
                0x1000ffdc                cyw43_ll_wifi_join
 .text.cyw43_ll_wifi_set_wpa_auth
                0x10010498       0x4c CMakeFiles/pico_w_webserver.dir/home/ahmed/pico-sdk/lib/cyw43-driver/src/cyw43_ll.c.o
                0x10010498                cyw43_ll_wifi_set_wpa_auth
 .text.cyw43_ll_wifi_rejoin
                0x100104e4       0x58 CMakeFiles/pico_w_webserver.dir/home/ahmed/pico-sdk/lib/cyw43-driver/src/cyw43_ll.c.o
                0x100104e4                cyw43_ll_wifi_rejoin
 .text.cyw43_ll_wifi_ap_init
                0x1001053c      0x4dc CMakeFiles/pico_w_webserver.dir/home/ahmed/pico-sdk/lib/cyw43-driver/src/cyw43_ll.c.o
                0x1001053c                cyw43_ll_wifi_ap_init
 .text.cyw43_ll_wifi_ap_set_up
                0x10010a18       0x74 CMakeFiles/pico_w_webserver.dir/home/ahmed/pico-sdk/lib/cyw43-driver/src/cyw43_ll.c.o
                0x10010a18                cyw43_ll_wifi_ap_set_up
 .text.cyw43_ll_gpio_set
                0x10010a8c       0x94 CMakeFiles/pico_w_webserver.dir/home/ahmed/pico-sdk/lib/cyw43-driver/src/cyw43_ll.c.o
                0x10010a8c                cyw43_ll_gpio_set
 .text.cyw43_ll_gpio_get
                0x10010b20       0x9c CMakeFiles/pico_w_webserver.dir/home/ahmed/pico-sdk/lib/cyw43-driver/src/cyw43_ll.c.o
                0x10010b20                cyw43_ll_gpio_get
 .text.cyw43_ll_has_work
                0x10010bbc       0x14 CMakeFiles/pico_w_webserver.dir/home/ahmed/pico-sdk/lib/cyw43-driver/src/cyw43_ll.c.o
                0x10010bbc                cyw43_ll_has_work
 .text.cyw43_netif_init
                0x10010bd0       0x3c CMakeFiles/pico_w_webserver.dir/home/ahmed/pico-sdk/lib/cyw43-driver/src/cyw43_lwip.c.o
 .text.cyw43_netif_output
                0x10010c0c       0x34 CMakeFiles/pico_w_webserver.dir/home/ahmed/pico-sdk/lib/cyw43-driver/src/cyw43_lwip.c.o
 .text.cyw43_cb_tcpip_init
                0x10010c40       0xf0 CMakeFiles/pico_w_webserver.dir/home/ahmed/pico-sdk/lib/cyw43-driver/src/cyw43_lwip.c.o
                0x10010c40                cyw43_cb_tcpip_init
 .text.cyw43_cb_tcpip_deinit
                0x10010d30       0x4c CMakeFiles/pico_w_webserver.dir/home/ahmed/pico-sdk/lib/cyw43-driver/src/cyw43_lwip.c.o
                0x10010d30                cyw43_cb_tcpip_deinit
 .text.cyw43_cb_process_ethernet
                0x10010d7c       0x6c CMakeFiles/pico_w_webserver.dir/home/ahmed/pico-sdk/lib/cyw43-driver/src/cyw43_lwip.c.o
                0x10010d7c                cyw43_cb_process_ethernet
 .text.cyw43_cb_tcpip_set_link_up
                0x10010de8       0x18 CMakeFiles/pico_w_webserver.dir/home/ahmed/pico-sdk/lib/cyw43-driver/src/cyw43_lwip.c.o
                0x10010de8                cyw43_cb_tcpip_set_link_up
 .text.cyw43_cb_tcpip_set_link_down
                0x10010e00       0x18 CMakeFiles/pico_w_webserver.dir/home/ahmed/pico-sdk/lib/cyw43-driver/src/cyw43_lwip.c.o
                0x10010e00                cyw43_cb_tcpip_set_link_down
 .text.cyw43_tcpip_link_status
                0x10010e18       0x34 CMakeFiles/pico_w_webserver.dir/home/ahmed/pico-sdk/lib/cyw43-driver/src/cyw43_lwip.c.o
                0x10010e18                cyw43_tcpip_link_status
 .text.cyw43_poll_func
                0x10010e4c       0xc0 CMakeFiles/pico_w_webserver.dir/home/ahmed/pico-sdk/lib/cyw43-driver/src/cyw43_ctrl.c.o
 .text.cyw43_init
                0x10010f0c       0x6c CMakeFiles/pico_w_webserver.dir/home/ahmed/pico-sdk/lib/cyw43-driver/src/cyw43_ctrl.c.o
                0x10010f0c                cyw43_init
 .text.cyw43_deinit
                0x10010f78       0x90 CMakeFiles/pico_w_webserver.dir/home/ahmed/pico-sdk/lib/cyw43-driver/src/cyw43_ctrl.c.o
                0x10010f78                cyw43_deinit
 .text.cyw43_cb_read_host_interrupt_pin
                0x10011008        0xc CMakeFiles/pico_w_webserver.dir/home/ahmed/pico-sdk/lib/cyw43-driver/src/cyw43_ctrl.c.o
                0x10011008                cyw43_cb_read_host_interrupt_pin
 .text.cyw43_cb_ensure_awake
                0x10011014        0xc CMakeFiles/pico_w_webserver.dir/home/ahmed/pico-sdk/lib/cyw43-driver/src/cyw43_ctrl.c.o
                0x10011014                cyw43_cb_ensure_awake
 .text.cyw43_cb_process_async_event
                0x10011020      0x214 CMakeFiles/pico_w_webserver.dir/home/ahmed/pico-sdk/lib/cyw43-driver/src/cyw43_ctrl.c.o
                0x10011020                cyw43_cb_process_async_event
 .text.cyw43_send_ethernet
                0x10011234       0xc0 CMakeFiles/pico_w_webserver.dir/home/ahmed/pico-sdk/lib/cyw43-driver/src/cyw43_ctrl.c.o
                0x10011234                cyw43_send_ethernet
 .text.cyw43_wifi_get_mac
                0x100112f4       0x10 CMakeFiles/pico_w_webserver.dir/home/ahmed/pico-sdk/lib/cyw43-driver/src/cyw43_ctrl.c.o
                0x100112f4                cyw43_wifi_get_mac
 .text.cyw43_wifi_set_up
                0x10011304      0x348 CMakeFiles/pico_w_webserver.dir/home/ahmed/pico-sdk/lib/cyw43-driver/src/cyw43_ctrl.c.o
                0x10011304                cyw43_wifi_set_up
 .text.cyw43_wifi_link_status
                0x1001164c       0x40 CMakeFiles/pico_w_webserver.dir/home/ahmed/pico-sdk/lib/cyw43-driver/src/cyw43_ctrl.c.o
                0x1001164c                cyw43_wifi_link_status
 .text.cyw43_wifi_join
                0x1001168c       0xf4 CMakeFiles/pico_w_webserver.dir/home/ahmed/pico-sdk/lib/cyw43-driver/src/cyw43_ctrl.c.o
                0x1001168c                cyw43_wifi_join
 .text.cyw43_gpio_set
                0x10011780       0xa0 CMakeFiles/pico_w_webserver.dir/home/ahmed/pico-sdk/lib/cyw43-driver/src/cyw43_ctrl.c.o
                0x10011780                cyw43_gpio_set
 .text.cyw43_gpio_get
                0x10011820       0xa0 CMakeFiles/pico_w_webserver.dir/home/ahmed/pico-sdk/lib/cyw43-driver/src/cyw43_ctrl.c.o
                0x10011820                cyw43_gpio_get
 .text.pio_sm_set_pindirs_with_mask64
                0x100118c0       0xac CMakeFiles/pico_w_webserver.dir/home/ahmed/pico-sdk/src/rp2_common/hardware_pio/pio.c.o
                0x100118c0                pio_sm_set_pindirs_with_mask64
 .text.pio_sm_set_consecutive_pindirs
                0x1001196c       0xb4 CMakeFiles/pico_w_webserver.dir/home/ahmed/pico-sdk/src/rp2_common/hardware_pio/pio.c.o
                0x1001196c                pio_sm_set_consecutive_pindirs
 .text.pio_claim_free_sm_and_add_program_for_gpio_range
                0x10011a20      0x18c CMakeFiles/pico_w_webserver.dir/home/ahmed/pico-sdk/src/rp2_common/hardware_pio/pio.c.o
                0x10011a20                pio_claim_free_sm_and_add_program_for_gpio_range
 .text.pio_remove_program_and_unclaim_sm
                0x10011bac       0x40 CMakeFiles/pico_w_webserver.dir/home/ahmed/pico-sdk/src/rp2_common/hardware_pio/pio.c.o
                0x10011bac                pio_remove_program_and_unclaim_sm
 .text.dma_channel_unclaim
                0x10011bec       0x14 CMakeFiles/pico_w_webserver.dir/home/ahmed/pico-sdk/src/rp2_common/hardware_dma/dma.c.o
                0x10011bec                dma_channel_unclaim
 .text.dma_claim_unused_channel
                0x10011c00       0x24 CMakeFiles/pico_w_webserver.dir/home/ahmed/pico-sdk/src/rp2_common/hardware_dma/dma.c.o
                0x10011c00                dma_claim_unused_channel
 .text.dma_channel_cleanup
                0x10011c24       0x64 CMakeFiles/pico_w_webserver.dir/home/ahmed/pico-sdk/src/rp2_common/hardware_dma/dma.c.o
                0x10011c24                dma_channel_cleanup
 .text.exception_set_exclusive_handler
                0x10011c88       0x48 CMakeFiles/pico_w_webserver.dir/home/ahmed/pico-sdk/src/rp2_common/hardware_exception/exception.c.o
                0x10011c88                exception_set_exclusive_handler
 .text.cyw43_sleep_timeout_reached
                0x10011cd0       0x10 CMakeFiles/pico_w_webserver.dir/home/ahmed/pico-sdk/src/rp2_common/pico_cyw43_driver/cyw43_driver.c.o
 .text.cyw43_irq_init
                0x10011ce0       0x28 CMakeFiles/pico_w_webserver.dir/home/ahmed/pico-sdk/src/rp2_common/pico_cyw43_driver/cyw43_driver.c.o
                0x10011ce0                cyw43_irq_init
 .text.cyw43_irq_deinit
                0x10011d08       0x20 CMakeFiles/pico_w_webserver.dir/home/ahmed/pico-sdk/src/rp2_common/pico_cyw43_driver/cyw43_driver.c.o
                0x10011d08                cyw43_irq_deinit
 .text.cyw43_gpio_irq_handler
                0x10011d28       0x44 CMakeFiles/pico_w_webserver.dir/home/ahmed/pico-sdk/src/rp2_common/pico_cyw43_driver/cyw43_driver.c.o
 .text.cyw43_do_poll
                0x10011d6c       0x70 CMakeFiles/pico_w_webserver.dir/home/ahmed/pico-sdk/src/rp2_common/pico_cyw43_driver/cyw43_driver.c.o
 .text.cyw43_post_poll_hook
                0x10011ddc       0x10 CMakeFiles/pico_w_webserver.dir/home/ahmed/pico-sdk/src/rp2_common/pico_cyw43_driver/cyw43_driver.c.o
                0x10011ddc                cyw43_post_poll_hook
 .text.cyw43_schedule_internal_poll_dispatch
                0x10011dec       0x18 CMakeFiles/pico_w_webserver.dir/home/ahmed/pico-sdk/src/rp2_common/pico_cyw43_driver/cyw43_driver.c.o
                0x10011dec                cyw43_schedule_internal_poll_dispatch
 .text.cyw43_driver_init
                0x10011e04       0x38 CMakeFiles/pico_w_webserver.dir/home/ahmed/pico-sdk/src/rp2_common/pico_cyw43_driver/cyw43_driver.c.o
                0x10011e04                cyw43_driver_init
 .text.cyw43_driver_deinit
                0x10011e3c       0x44 CMakeFiles/pico_w_webserver.dir/home/ahmed/pico-sdk/src/rp2_common/pico_cyw43_driver/cyw43_driver.c.o
                0x10011e3c                cyw43_driver_deinit
 .text.cyw43_hal_generate_laa_mac
                0x10011e80       0x28 CMakeFiles/pico_w_webserver.dir/home/ahmed/pico-sdk/src/rp2_common/pico_cyw43_driver/cyw43_driver.c.o
                0x10011e80                cyw43_hal_generate_laa_mac
 .text.cyw43_hal_get_mac
                0x10011ea8       0x14 CMakeFiles/pico_w_webserver.dir/home/ahmed/pico-sdk/src/rp2_common/pico_cyw43_driver/cyw43_driver.c.o
                0x10011ea8                cyw43_hal_get_mac
 .text.cyw43_thread_enter
                0x10011ebc       0x14 CMakeFiles/pico_w_webserver.dir/home/ahmed/pico-sdk/src/rp2_common/pico_cyw43_driver/cyw43_driver.c.o
                0x10011ebc                cyw43_thread_enter
 .text.cyw43_thread_exit
                0x10011ed0       0x14 CMakeFiles/pico_w_webserver.dir/home/ahmed/pico-sdk/src/rp2_common/pico_cyw43_driver/cyw43_driver.c.o
                0x10011ed0                cyw43_thread_exit
 .text.cyw43_await_background_or_timeout_us
                0x10011ee4       0x64 CMakeFiles/pico_w_webserver.dir/home/ahmed/pico-sdk/src/rp2_common/pico_cyw43_driver/cyw43_driver.c.o
                0x10011ee4                cyw43_await_background_or_timeout_us
 .text.cyw43_delay_ms
                0x10011f48       0x48 CMakeFiles/pico_w_webserver.dir/home/ahmed/pico-sdk/src/rp2_common/pico_cyw43_driver/cyw43_driver.c.o
                0x10011f48                cyw43_delay_ms
 .text.cyw43_delay_us
                0x10011f90       0x34 CMakeFiles/pico_w_webserver.dir/home/ahmed/pico-sdk/src/rp2_common/pico_cyw43_driver/cyw43_driver.c.o
                0x10011f90                cyw43_delay_us
 .text.handle_sync_func_call
                0x10011fc4       0x24 CMakeFiles/pico_w_webserver.dir/home/ahmed/pico-sdk/src/rp2_common/pico_async_context/async_context_threadsafe_background.c.o
 .text.async_context_threadsafe_background_acquire_lock_blocking
                0x10011fe8        0xc CMakeFiles/pico_w_webserver.dir/home/ahmed/pico-sdk/src/rp2_common/pico_async_context/async_context_threadsafe_background.c.o
 .text.process_under_lock
                0x10011ff4       0xcc CMakeFiles/pico_w_webserver.dir/home/ahmed/pico-sdk/src/rp2_common/pico_async_context/async_context_threadsafe_background.c.o
 .text.async_context_threadsafe_background_deinit
                0x100120c0       0x64 CMakeFiles/pico_w_webserver.dir/home/ahmed/pico-sdk/src/rp2_common/pico_async_context/async_context_threadsafe_background.c.o
 .text.low_priority_irq_handler
                0x10012124       0x3c CMakeFiles/pico_w_webserver.dir/home/ahmed/pico-sdk/src/rp2_common/pico_async_context/async_context_threadsafe_background.c.o
 .text.async_context_threadsafe_background_wait_for_work_until
                0x10012160        0xc CMakeFiles/pico_w_webserver.dir/home/ahmed/pico-sdk/src/rp2_common/pico_async_context/async_context_threadsafe_background.c.o
 .text.async_context_threadsafe_background_wait_until
                0x1001216c       0x1c CMakeFiles/pico_w_webserver.dir/home/ahmed/pico-sdk/src/rp2_common/pico_async_context/async_context_threadsafe_background.c.o
 .text.async_context_threadsafe_background_execute_sync
                0x10012188       0xe4 CMakeFiles/pico_w_webserver.dir/home/ahmed/pico-sdk/src/rp2_common/pico_async_context/async_context_threadsafe_background.c.o
                0x10012188                async_context_threadsafe_background_execute_sync
 .text.async_context_threadsafe_background_lock_check
                0x1001226c       0x24 CMakeFiles/pico_w_webserver.dir/home/ahmed/pico-sdk/src/rp2_common/pico_async_context/async_context_threadsafe_background.c.o
 .text.async_context_threadsafe_background_set_work_pending
                0x10012290       0x50 CMakeFiles/pico_w_webserver.dir/home/ahmed/pico-sdk/src/rp2_common/pico_async_context/async_context_threadsafe_background.c.o
 .text.alarm_handler
                0x100122e0       0x58 CMakeFiles/pico_w_webserver.dir/home/ahmed/pico-sdk/src/rp2_common/pico_async_context/async_context_threadsafe_background.c.o
 .text.async_context_threadsafe_background_release_lock
                0x10012338       0x7c CMakeFiles/pico_w_webserver.dir/home/ahmed/pico-sdk/src/rp2_common/pico_async_context/async_context_threadsafe_background.c.o
 .text.async_context_threadsafe_background_when_pending_worker
                0x100123b4       0x90 CMakeFiles/pico_w_webserver.dir/home/ahmed/pico-sdk/src/rp2_common/pico_async_context/async_context_threadsafe_background.c.o
 .text.async_context_threadsafe_background_add_at_time_worker
                0x10012444       0x90 CMakeFiles/pico_w_webserver.dir/home/ahmed/pico-sdk/src/rp2_common/pico_async_context/async_context_threadsafe_background.c.o
 .text.async_context_threadsafe_background_remove_at_time_worker
                0x100124d4       0x90 CMakeFiles/pico_w_webserver.dir/home/ahmed/pico-sdk/src/rp2_common/pico_async_context/async_context_threadsafe_background.c.o
 .text.async_context_threadsafe_background_add_when_pending_worker
                0x10012564       0x90 CMakeFiles/pico_w_webserver.dir/home/ahmed/pico-sdk/src/rp2_common/pico_async_context/async_context_threadsafe_background.c.o
 .text.async_context_threadsafe_background_default_config
                0x100125f4        0xc CMakeFiles/pico_w_webserver.dir/home/ahmed/pico-sdk/src/rp2_common/pico_async_context/async_context_threadsafe_background.c.o
                0x100125f4                async_context_threadsafe_background_default_config
 .text.async_context_threadsafe_background_init
                0x10012600       0xa8 CMakeFiles/pico_w_webserver.dir/home/ahmed/pico-sdk/src/rp2_common/pico_async_context/async_context_threadsafe_background.c.o
                0x10012600                async_context_threadsafe_background_init
 .text.fs_open  0x100126a8       0x40 CMakeFiles/pico_w_webserver.dir/home/ahmed/pico-sdk/lib/lwip/src/apps/http/fs.c.o
                0x100126a8                fs_open
 .text.fs_close
                0x100126e8        0x4 CMakeFiles/pico_w_webserver.dir/home/ahmed/pico-sdk/lib/lwip/src/apps/http/fs.c.o
                0x100126e8                fs_close
 .text.fs_bytes_left
                0x100126ec        0x8 CMakeFiles/pico_w_webserver.dir/home/ahmed/pico-sdk/lib/lwip/src/apps/http/fs.c.o
                0x100126ec                fs_bytes_left
 .text.http_accept
                0x100126f4       0x74 CMakeFiles/pico_w_webserver.dir/home/ahmed/pico-sdk/lib/lwip/src/apps/http/httpd.c.o
 .text.http_close_or_abort_conn.constprop.0.isra.0
                0x10012768       0x80 CMakeFiles/pico_w_webserver.dir/home/ahmed/pico-sdk/lib/lwip/src/apps/http/httpd.c.o
 .text.http_err
                0x100127e8       0x38 CMakeFiles/pico_w_webserver.dir/home/ahmed/pico-sdk/lib/lwip/src/apps/http/httpd.c.o
 .text.http_send_data_ssi
                0x10012820      0x6f0 CMakeFiles/pico_w_webserver.dir/home/ahmed/pico-sdk/lib/lwip/src/apps/http/httpd.c.o
 .text.http_send
                0x10012f10      0x10c CMakeFiles/pico_w_webserver.dir/home/ahmed/pico-sdk/lib/lwip/src/apps/http/httpd.c.o
 .text.http_poll
                0x1001301c       0x84 CMakeFiles/pico_w_webserver.dir/home/ahmed/pico-sdk/lib/lwip/src/apps/http/httpd.c.o
 .text.http_recv
                0x100130a0      0x56c CMakeFiles/pico_w_webserver.dir/home/ahmed/pico-sdk/lib/lwip/src/apps/http/httpd.c.o
 .text.http_sent
                0x1001360c       0xf0 CMakeFiles/pico_w_webserver.dir/home/ahmed/pico-sdk/lib/lwip/src/apps/http/httpd.c.o
 .text.httpd_init
                0x100136fc       0x5c CMakeFiles/pico_w_webserver.dir/home/ahmed/pico-sdk/lib/lwip/src/apps/http/httpd.c.o
                0x100136fc                httpd_init
 .text.http_set_ssi_handler
                0x10013758       0x48 CMakeFiles/pico_w_webserver.dir/home/ahmed/pico-sdk/lib/lwip/src/apps/http/httpd.c.o
                0x10013758                http_set_ssi_handler
 .text.http_set_cgi_handlers
                0x100137a0       0x30 CMakeFiles/pico_w_webserver.dir/home/ahmed/pico-sdk/lib/lwip/src/apps/http/httpd.c.o
                0x100137a0                http_set_cgi_handlers
 .text.first_per_core_initializer
                0x100137d0        0x4 CMakeFiles/pico_w_webserver.dir/home/ahmed/pico-sdk/src/rp2_common/pico_runtime/runtime.c.o
 .text.hard_assertion_failure
                0x100137d4        0xc CMakeFiles/pico_w_webserver.dir/home/ahmed/pico-sdk/src/rp2_common/pico_runtime/runtime.c.o
                0x100137d4                hard_assertion_failure
 .text.runtime_run_initializers
                0x100137e0       0x28 CMakeFiles/pico_w_webserver.dir/home/ahmed/pico-sdk/src/rp2_common/pico_runtime/runtime.c.o
                0x100137e0                runtime_run_initializers
 .text.runtime_init_early_resets
                0x10013808       0x2c CMakeFiles/pico_w_webserver.dir/home/ahmed/pico-sdk/src/rp2_common/pico_runtime_init/runtime_init.c.o
                0x10013808                runtime_init_early_resets
 .text.runtime_init_usb_power_down
                0x10013834       0x1c CMakeFiles/pico_w_webserver.dir/home/ahmed/pico-sdk/src/rp2_common/pico_runtime_init/runtime_init.c.o
                0x10013834                runtime_init_usb_power_down
 .text.runtime_init_post_clock_resets
                0x10013850       0x20 CMakeFiles/pico_w_webserver.dir/home/ahmed/pico-sdk/src/rp2_common/pico_runtime_init/runtime_init.c.o
                0x10013850                runtime_init_post_clock_resets
 .text.runtime_init_rp2040_gpio_ie_disable
                0x10013870       0x14 CMakeFiles/pico_w_webserver.dir/home/ahmed/pico-sdk/src/rp2_common/pico_runtime_init/runtime_init.c.o
                0x10013870                runtime_init_rp2040_gpio_ie_disable
 .text.runtime_init_spin_locks_reset
                0x10013884        0x8 CMakeFiles/pico_w_webserver.dir/home/ahmed/pico-sdk/src/rp2_common/pico_runtime_init/runtime_init.c.o
                0x10013884                runtime_init_spin_locks_reset
 .text.runtime_init_install_ram_vector_table
                0x1001388c       0x1c CMakeFiles/pico_w_webserver.dir/home/ahmed/pico-sdk/src/rp2_common/pico_runtime_init/runtime_init.c.o
                0x1001388c                runtime_init_install_ram_vector_table
 .text.runtime_init_clocks
                0x100138a8       0xd8 CMakeFiles/pico_w_webserver.dir/home/ahmed/pico-sdk/src/rp2_common/pico_runtime_init/runtime_init_clocks.c.o
                0x100138a8                runtime_init_clocks
 .text          0x10013980       0x10 CMakeFiles/pico_w_webserver.dir/home/ahmed/pico-sdk/src/rp2_common/pico_bit_ops/bit_ops_aeabi.S.o
 .text.ctzsi    0x10013990        0xc CMakeFiles/pico_w_webserver.dir/home/ahmed/pico-sdk/src/rp2_common/pico_bit_ops/bit_ops_aeabi.S.o
                0x10013990                __wrap___ctzsi2
 .text.__wrap___aeabi_idiv
                0x1001399c       0x50 CMakeFiles/pico_w_webserver.dir/home/ahmed/pico-sdk/src/rp2_common/pico_divider/divider_hardware.S.o
                0x1001399c                __wrap___aeabi_idivmod
                0x1001399c                divmod_s32s32
                0x1001399c                div_s32s32
                0x1001399c                __wrap___aeabi_idiv
                0x100139a4                divmod_s32s32_unsafe
                0x100139d0                divmod_s32s32_savestate
 .text.__wrap___aeabi_uidiv
                0x100139ec       0x4c CMakeFiles/pico_w_webserver.dir/home/ahmed/pico-sdk/src/rp2_common/pico_divider/divider_hardware.S.o
                0x100139ec                __wrap___aeabi_uidiv
                0x100139ec                __wrap___aeabi_uidivmod
                0x100139ec                div_u32u32
                0x100139ec                divmod_u32u32
                0x100139f4                divmod_u32u32_unsafe
                0x10013a1c                divmod_u32u32_savestate
 .text.__wrap___aeabi_ldiv
                0x10013a38      0x424 CMakeFiles/pico_w_webserver.dir/home/ahmed/pico-sdk/src/rp2_common/pico_divider/divider_hardware.S.o
                0x10013a38                div_s64s64
                0x10013a38                divmod_s64s64
                0x10013a38                __wrap___aeabi_ldivmod
                0x10013a68                div_u64u64
                0x10013a68                divmod_u64u64
                0x10013a68                __wrap___aeabi_uldivmod
                0x10013a78                divmod_u64u64_savestate
                0x10013a98                divmod_s64s64_unsafe
                0x10013b20                divmod_u64u64_unsafe
 .text.__wrap___aeabi_darithmetic
                0x10013e5c       0x60 CMakeFiles/pico_w_webserver.dir/home/ahmed/pico-sdk/src/rp2_common/pico_double/double_aeabi_rp2040.S.o
                0x10013e5c                __wrap___aeabi_drsub
                0x10013e62                __wrap___aeabi_dsub
                0x10013e6c                __wrap___aeabi_dadd
                0x10013e76                __wrap___aeabi_ddiv
                0x10013eaa                __wrap___aeabi_dmul
 .text.__wrap___aeabi_cdcmple
                0x10013ebc       0x6c CMakeFiles/pico_w_webserver.dir/home/ahmed/pico-sdk/src/rp2_common/pico_double/double_aeabi_rp2040.S.o
                0x10013ebc                __wrap___aeabi_cdrcmple
                0x10013ecc                __wrap___aeabi_cdcmple
                0x10013ecc                __wrap___aeabi_cdcmpeq
 .text.__wrap___aeabi_dcmplt
                0x10013f28        0xc CMakeFiles/pico_w_webserver.dir/home/ahmed/pico-sdk/src/rp2_common/pico_double/double_aeabi_rp2040.S.o
                0x10013f28                __wrap___aeabi_dcmplt
 .text.__wrap___aeabi_dcmpge
                0x10013f34       0x10 CMakeFiles/pico_w_webserver.dir/home/ahmed/pico-sdk/src/rp2_common/pico_double/double_aeabi_rp2040.S.o
                0x10013f34                __wrap___aeabi_dcmpge
 .text.__wrap___aeabi_dcmpgt
                0x10013f44        0xa CMakeFiles/pico_w_webserver.dir/home/ahmed/pico-sdk/src/rp2_common/pico_double/double_aeabi_rp2040.S.o
                0x10013f44                __wrap___aeabi_dcmpgt
 .text.__wrap___aeabi_dcmpun
                0x10013f4e       0x18 CMakeFiles/pico_w_webserver.dir/home/ahmed/pico-sdk/src/rp2_common/pico_double/double_aeabi_rp2040.S.o
                0x10013f4e                __wrap___aeabi_dcmpun
 *fill*         0x10013f66        0x2 
 .text.__wrap___aeabi_i2d
                0x10013f68       0x38 CMakeFiles/pico_w_webserver.dir/home/ahmed/pico-sdk/src/rp2_common/pico_double/double_aeabi_rp2040.S.o
                0x10013f68                __wrap___aeabi_ui2d
                0x10013f70                __wrap___aeabi_i2d
 .text.__wrap___aeabi_d2iz
                0x10013fa0       0x48 CMakeFiles/pico_w_webserver.dir/home/ahmed/pico-sdk/src/rp2_common/pico_double/double_aeabi_rp2040.S.o
                0x10013fa0                __wrap___aeabi_d2iz
                0x10013fa0                double2int_z
 .text.__wrap___aeabi_d2uiz
                0x10013fe8       0x10 CMakeFiles/pico_w_webserver.dir/home/ahmed/pico-sdk/src/rp2_common/pico_double/double_aeabi_rp2040.S.o
                0x10013fe8                double2uint
                0x10013fe8                __wrap___aeabi_d2uiz
 .text.missing_double_func_shim
                0x10013ff8        0xc CMakeFiles/pico_w_webserver.dir/home/ahmed/pico-sdk/src/rp2_common/pico_double/double_init_rom_rp2040.c.o
 .text.__aeabi_double_init
                0x10014004       0xa0 CMakeFiles/pico_w_webserver.dir/home/ahmed/pico-sdk/src/rp2_common/pico_double/double_init_rom_rp2040.c.o
                0x10014004                __aeabi_double_init
 .text.double_table_shim_on_use_helper
                0x100140a4       0x2c CMakeFiles/pico_w_webserver.dir/home/ahmed/pico-sdk/src/rp2_common/pico_double/double_v1_rom_shim_rp2040.S.o
                0x100140a4                double_table_shim_on_use_helper
 .text.__aeabi_lmul